Archive member included to satisfy reference by file (symbol)

../../libopencm3/lib/libopencm3_stm32l1.a(gpio_common_all.o)
                              CMakeFiles/RE46C109_Programmer.elf.dir/drivers/RE46C109_drv.c.obj (gpio_set)
../../libopencm3/lib/libopencm3_stm32l1.a(gpio_common_f0234.o)
                              CMakeFiles/RE46C109_Programmer.elf.dir/drivers/led_driver.c.obj (gpio_mode_setup)
../../libopencm3/lib/libopencm3_stm32l1.a(rcc.o)
                              CMakeFiles/RE46C109_Programmer.elf.dir/drivers/timer_drv.c.obj (rcc_clock_setup_pll)
../../libopencm3/lib/libopencm3_stm32l1.a(rcc_common_all.o)
                              CMakeFiles/RE46C109_Programmer.elf.dir/drivers/led_driver.c.obj (rcc_periph_clock_enable)
../../libopencm3/lib/libopencm3_stm32l1.a(timer_common_all.o)
                              CMakeFiles/RE46C109_Programmer.elf.dir/drivers/timer_drv.c.obj (timer_enable_irq)
../../libopencm3/lib/libopencm3_stm32l1.a(usart_common_all.o)
                              CMakeFiles/RE46C109_Programmer.elf.dir/drivers/uart_drv.c.obj (usart_set_baudrate)
../../libopencm3/lib/libopencm3_stm32l1.a(usart_common_f124.o)
                              ../../libopencm3/lib/libopencm3_stm32l1.a(usart_common_all.o) (usart_send)
../../libopencm3/lib/libopencm3_stm32l1.a(vector.o)
                              (reset_handler)
../../libopencm3/lib/libopencm3_stm32l1.a(systick.o)
                              CMakeFiles/RE46C109_Programmer.elf.dir/drivers/systick.c.obj (systick_set_reload)
../../libopencm3/lib/libopencm3_stm32l1.a(nvic.o)
                              CMakeFiles/RE46C109_Programmer.elf.dir/drivers/timer_drv.c.obj (nvic_enable_irq)
../../libopencm3/lib/libopencm3_stm32l1.a(flash.o)
                              ../../libopencm3/lib/libopencm3_stm32l1.a(rcc.o) (flash_64bit_enable)
../../libopencm3/lib/libopencm3_stm32l1.a(flash_common_all.o)
                              ../../libopencm3/lib/libopencm3_stm32l1.a(rcc.o) (flash_prefetch_enable)
../../libopencm3/lib/libopencm3_stm32l1.a(pwr_common_v2.o)
                              ../../libopencm3/lib/libopencm3_stm32l1.a(rcc.o) (pwr_set_vos_scale)
/usr/lib/gcc/arm-none-eabi/10.3.1/../../../arm-none-eabi/lib/thumb/v7-m/nofp/libm.a(lib_a-w_pow.o)
                              CMakeFiles/RE46C109_Programmer.elf.dir/drivers/RE46C109_drv.c.obj (pow)
/usr/lib/gcc/arm-none-eabi/10.3.1/../../../arm-none-eabi/lib/thumb/v7-m/nofp/libm.a(lib_a-e_pow.o)
                              /usr/lib/gcc/arm-none-eabi/10.3.1/../../../arm-none-eabi/lib/thumb/v7-m/nofp/libm.a(lib_a-w_pow.o) (__ieee754_pow)
/usr/lib/gcc/arm-none-eabi/10.3.1/../../../arm-none-eabi/lib/thumb/v7-m/nofp/libm.a(lib_a-e_sqrt.o)
                              /usr/lib/gcc/arm-none-eabi/10.3.1/../../../arm-none-eabi/lib/thumb/v7-m/nofp/libm.a(lib_a-e_pow.o) (__ieee754_sqrt)
/usr/lib/gcc/arm-none-eabi/10.3.1/../../../arm-none-eabi/lib/thumb/v7-m/nofp/libm.a(lib_a-s_fabs.o)
                              /usr/lib/gcc/arm-none-eabi/10.3.1/../../../arm-none-eabi/lib/thumb/v7-m/nofp/libm.a(lib_a-e_pow.o) (fabs)
/usr/lib/gcc/arm-none-eabi/10.3.1/../../../arm-none-eabi/lib/thumb/v7-m/nofp/libm.a(lib_a-s_finite.o)
                              /usr/lib/gcc/arm-none-eabi/10.3.1/../../../arm-none-eabi/lib/thumb/v7-m/nofp/libm.a(lib_a-w_pow.o) (finite)
/usr/lib/gcc/arm-none-eabi/10.3.1/../../../arm-none-eabi/lib/thumb/v7-m/nofp/libm.a(lib_a-s_lib_ver.o)
                              /usr/lib/gcc/arm-none-eabi/10.3.1/../../../arm-none-eabi/lib/thumb/v7-m/nofp/libm.a(lib_a-w_pow.o) (__fdlib_version)
/usr/lib/gcc/arm-none-eabi/10.3.1/../../../arm-none-eabi/lib/thumb/v7-m/nofp/libm.a(lib_a-s_nan.o)
                              /usr/lib/gcc/arm-none-eabi/10.3.1/../../../arm-none-eabi/lib/thumb/v7-m/nofp/libm.a(lib_a-e_pow.o) (nan)
/usr/lib/gcc/arm-none-eabi/10.3.1/../../../arm-none-eabi/lib/thumb/v7-m/nofp/libm.a(lib_a-s_rint.o)
                              /usr/lib/gcc/arm-none-eabi/10.3.1/../../../arm-none-eabi/lib/thumb/v7-m/nofp/libm.a(lib_a-w_pow.o) (rint)
/usr/lib/gcc/arm-none-eabi/10.3.1/../../../arm-none-eabi/lib/thumb/v7-m/nofp/libm.a(lib_a-s_scalbn.o)
                              /usr/lib/gcc/arm-none-eabi/10.3.1/../../../arm-none-eabi/lib/thumb/v7-m/nofp/libm.a(lib_a-e_pow.o) (scalbn)
/usr/lib/gcc/arm-none-eabi/10.3.1/thumb/v7-m/nofp/libgcc.a(_arm_muldf3.o)
                              /usr/lib/gcc/arm-none-eabi/10.3.1/../../../arm-none-eabi/lib/thumb/v7-m/nofp/libm.a(lib_a-e_pow.o) (__aeabi_dmul)
/usr/lib/gcc/arm-none-eabi/10.3.1/thumb/v7-m/nofp/libgcc.a(_arm_addsubdf3.o)
                              /usr/lib/gcc/arm-none-eabi/10.3.1/../../../arm-none-eabi/lib/thumb/v7-m/nofp/libm.a(lib_a-e_pow.o) (__aeabi_dsub)
/usr/lib/gcc/arm-none-eabi/10.3.1/thumb/v7-m/nofp/libgcc.a(_arm_muldivdf3.o)
                              /usr/lib/gcc/arm-none-eabi/10.3.1/../../../arm-none-eabi/lib/thumb/v7-m/nofp/libm.a(lib_a-w_pow.o) (__aeabi_ddiv)
[...]
Memory Configuration

Name             Origin             Length             Attributes
ram              0x0000000020000000 0x0000000000014000 xrw
rom              0x0000000008000000 0x0000000000080000 xr
eep              0x0000000008080000 0x0000000000004000 r
*default*        0x0000000000000000 0xffffffffffffffff

Linker script and memory map

LOAD /usr/lib/gcc/arm-none-eabi/10.3.1/../../../arm-none-eabi/lib/thumb/v7-m/nofp/libm.a
LOAD /usr/lib/gcc/arm-none-eabi/10.3.1/../../../arm-none-eabi/lib/thumb/v7-m/nofp/libc_nano.a
LOAD /usr/lib/gcc/arm-none-eabi/10.3.1/thumb/v7-m/nofp/libgcc.a
LOAD /usr/lib/gcc/arm-none-eabi/10.3.1/../../../arm-none-eabi/lib/thumb/v7-m/nofp/libm.a
LOAD /usr/lib/gcc/arm-none-eabi/10.3.1/../../../arm-none-eabi/lib/thumb/v7-m/nofp/libnosys.a
LOAD CMakeFiles/RE46C109_Programmer.elf.dir/src/main.c.obj
LOAD CMakeFiles/RE46C109_Programmer.elf.dir/drivers/led_driver.c.obj
LOAD CMakeFiles/RE46C109_Programmer.elf.dir/drivers/mamory.c.obj
LOAD CMakeFiles/RE46C109_Programmer.elf.dir/drivers/RE46C109_drv.c.obj
LOAD CMakeFiles/RE46C109_Programmer.elf.dir/drivers/systick.c.obj
LOAD CMakeFiles/RE46C109_Programmer.elf.dir/drivers/timer_drv.c.obj
LOAD CMakeFiles/RE46C109_Programmer.elf.dir/drivers/uart_drv.c.obj
LOAD ../../libopencm3/lib/libopencm3_stm32l1.a
LOAD /usr/lib/gcc/arm-none-eabi/10.3.1/../../../arm-none-eabi/lib/thumb/v7-m/nofp/libm.a
START GROUP
LOAD /usr/lib/gcc/arm-none-eabi/10.3.1/thumb/v7-m/nofp/libgcc.a
LOAD /usr/lib/gcc/arm-none-eabi/10.3.1/../../../arm-none-eabi/lib/thumb/v7-m/nofp/libc_nano.a
END GROUP
START GROUP
LOAD /usr/lib/gcc/arm-none-eabi/10.3.1/thumb/v7-m/nofp/libgcc.a
LOAD /usr/lib/gcc/arm-none-eabi/10.3.1/../../../arm-none-eabi/lib/thumb/v7-m/nofp/libc_nano.a
LOAD /usr/lib/gcc/arm-none-eabi/10.3.1/../../../arm-none-eabi/lib/thumb/v7-m/nofp/libnosys.a
END GROUP
START GROUP
LOAD /usr/lib/gcc/arm-none-eabi/10.3.1/thumb/v7-m/nofp/libgcc.a
LOAD /usr/lib/gcc/arm-none-eabi/10.3.1/../../../arm-none-eabi/lib/thumb/v7-m/nofp/libc_nano.a
LOAD /usr/lib/gcc/arm-none-eabi/10.3.1/../../../arm-none-eabi/lib/thumb/v7-m/nofp/libnosys.a
END GROUP

.text           0x0000000008000000     0x5aa8
 *(.vectors)
 .vectors       0x0000000008000000      0x124 ../../libopencm3/lib/libopencm3_stm32l1.a(vector.o)
                0x0000000008000000                vector_table
 *(.text*)
 .text.main     0x0000000008000124       0x3c CMakeFiles/RE46C109_Programmer.elf.dir/src/main.c.obj
                0x0000000008000124                main
 .text.led_config
                0x0000000008000160       0x24 CMakeFiles/RE46C109_Programmer.elf.dir/drivers/led_driver.c.obj
                0x0000000008000160                led_config
 .text.memErase
                0x0000000008000184       0x36 CMakeFiles/RE46C109_Programmer.elf.dir/drivers/mamory.c.obj
                0x0000000008000184                memErase
 *fill*         0x00000000080001ba        0x2 
 .text.re46c109_testConfig
                0x00000000080001bc       0x44 CMakeFiles/RE46C109_Programmer.elf.dir/drivers/RE46C109_drv.c.obj
 .text.re46c109_feedConfig
                0x0000000008000200       0x20 CMakeFiles/RE46C109_Programmer.elf.dir/drivers/RE46C109_drv.c.obj
 .text.re46c109_config
                0x0000000008000220       0x14 CMakeFiles/RE46C109_Programmer.elf.dir/drivers/RE46C109_drv.c.obj
                0x0000000008000220                re46c109_config
 .text.re46c109_initIo
                0x0000000008000234       0x3c CMakeFiles/RE46C109_Programmer.elf.dir/drivers/RE46C109_drv.c.obj
 .text.re46c109_sendData
                0x0000000008000270      0x1dc CMakeFiles/RE46C109_Programmer.elf.dir/drivers/RE46C109_drv.c.obj
 .text.re46c109_TESTClock
                0x000000000800044c       0x48 CMakeFiles/RE46C109_Programmer.elf.dir/drivers/RE46C109_drv.c.obj
 .text.re46c109_setTest
                0x0000000008000494       0x24 CMakeFiles/RE46C109_Programmer.elf.dir/drivers/RE46C109_drv.c.obj
 .text.re46c109_setFeed
                0x00000000080004b8       0x50 CMakeFiles/RE46C109_Programmer.elf.dir/drivers/RE46C109_drv.c.obj
 .text.re46c109_setIo
                0x0000000008000508       0x24 CMakeFiles/RE46C109_Programmer.elf.dir/drivers/RE46C109_drv.c.obj
 .text.re46c109_FEEDAdjust
                0x000000000800052c       0x50 CMakeFiles/RE46C109_Programmer.elf.dir/drivers/RE46C109_drv.c.obj
 .text.re46c109_smokeCalibrate
                0x000000000800057c       0xe8 CMakeFiles/RE46C109_Programmer.elf.dir/drivers/RE46C109_drv.c.obj
                0x000000000800057c                re46c109_smokeCalibrate
 .text.re46c109_runModeT0
                0x0000000008000664       0x1a CMakeFiles/RE46C109_Programmer.elf.dir/drivers/RE46C109_drv.c.obj
                0x0000000008000664                re46c109_runModeT0
 .text.re46c109_runModeT6
                0x000000000800067e       0x26 CMakeFiles/RE46C109_Programmer.elf.dir/drivers/RE46C109_drv.c.obj
                0x000000000800067e                re46c109_runModeT6
 .text.re46c109_runTest
                0x00000000080006a4       0x6c CMakeFiles/RE46C109_Programmer.elf.dir/drivers/RE46C109_drv.c.obj
                0x00000000080006a4                re46c109_runTest
 .text.re46c109_testHorn
                0x0000000008000710       0x48 CMakeFiles/RE46C109_Programmer.elf.dir/drivers/RE46C109_drv.c.obj
                0x0000000008000710                re46c109_testHorn
 .text.tim3_isr
                0x0000000008000758       0x2c CMakeFiles/RE46C109_Programmer.elf.dir/drivers/RE46C109_drv.c.obj
                0x0000000008000758                tim3_isr
 .text.sys_tick_handler
                0x0000000008000784       0x1c CMakeFiles/RE46C109_Programmer.elf.dir/drivers/systick.c.obj
                0x0000000008000784                sys_tick_handler
 .text.sleep_config
                0x00000000080007a0       0x48 CMakeFiles/RE46C109_Programmer.elf.dir/drivers/timer_drv.c.obj
                0x00000000080007a0                sleep_config
 .text.timer3_init
                0x00000000080007e8       0x44 CMakeFiles/RE46C109_Programmer.elf.dir/drivers/timer_drv.c.obj
                0x00000000080007e8                timer3_init
 .text.sleep_us
                0x000000000800082c       0x36 CMakeFiles/RE46C109_Programmer.elf.dir/drivers/timer_drv.c.obj
                0x000000000800082c                sleep_us
 .text.sleep_ms
                0x0000000008000862       0x30 CMakeFiles/RE46C109_Programmer.elf.dir/drivers/timer_drv.c.obj
                0x0000000008000862                sleep_ms
 *fill*         0x0000000008000892        0x2 
 .text.uartGpioSetup
                0x0000000008000894       0x2c CMakeFiles/RE46C109_Programmer.elf.dir/drivers/uart_drv.c.obj
 .text.serial_debug_setup
                0x00000000080008c0       0x5c CMakeFiles/RE46C109_Programmer.elf.dir/drivers/uart_drv.c.obj
 .text.uartDevConfig
                0x000000000800091c       0x50 CMakeFiles/RE46C109_Programmer.elf.dir/drivers/uart_drv.c.obj
                0x000000000800091c                uartDevConfig
 .text.UartHandleCmd_Task
                0x000000000800096c      0x8a8 CMakeFiles/RE46C109_Programmer.elf.dir/drivers/uart_drv.c.obj
                0x000000000800096c                UartHandleCmd_Task
 .text.usart2_isr
                0x0000000008001214       0x70 CMakeFiles/RE46C109_Programmer.elf.dir/drivers/uart_drv.c.obj
                0x0000000008001214                usart2_isr
 .text._write   0x0000000008001284       0x70 CMakeFiles/RE46C109_Programmer.elf.dir/drivers/uart_drv.c.obj
                0x0000000008001284                _write
 .text.printMenu
                0x00000000080012f4       0x14 CMakeFiles/RE46C109_Programmer.elf.dir/drivers/uart_drv.c.obj
                0x00000000080012f4                printMenu
 .text.gpio_set
                0x0000000008001308        0x4 ../../libopencm3/lib/libopencm3_stm32l1.a(gpio_common_all.o)
                0x0000000008001308                gpio_set
 .text.gpio_clear
                0x000000000800130c        0x6 ../../libopencm3/lib/libopencm3_stm32l1.a(gpio_common_all.o)
                0x000000000800130c                gpio_clear
 .text.gpio_mode_setup
                0x0000000008001312       0x40 ../../libopencm3/lib/libopencm3_stm32l1.a(gpio_common_f0234.o)
                0x0000000008001312                gpio_mode_setup
 .text.gpio_set_af
                0x0000000008001352       0x58 ../../libopencm3/lib/libopencm3_stm32l1.a(gpio_common_f0234.o)
                0x0000000008001352                gpio_set_af
 *fill*         0x00000000080013aa        0x2 
 .text.rcc_is_osc_ready
                0x00000000080013ac       0x58 ../../libopencm3/lib/libopencm3_stm32l1.a(rcc.o)
                0x00000000080013ac                rcc_is_osc_ready
 .text.rcc_wait_for_osc_ready
                0x0000000008001404       0x10 ../../libopencm3/lib/libopencm3_stm32l1.a(rcc.o)
                0x0000000008001404                rcc_wait_for_osc_ready
 .text.rcc_osc_on
                0x0000000008001414       0x64 ../../libopencm3/lib/libopencm3_stm32l1.a(rcc.o)
                0x0000000008001414                rcc_osc_on
 .text.rcc_osc_off
                0x0000000008001478       0x64 ../../libopencm3/lib/libopencm3_stm32l1.a(rcc.o)
                0x0000000008001478                rcc_osc_off
 .text.rcc_set_sysclk_source
                0x00000000080014dc       0x18 ../../libopencm3/lib/libopencm3_stm32l1.a(rcc.o)
                0x00000000080014dc                rcc_set_sysclk_source
 .text.rcc_set_pll_configuration
                0x00000000080014f4       0x24 ../../libopencm3/lib/libopencm3_stm32l1.a(rcc.o)
                0x00000000080014f4                rcc_set_pll_configuration
 .text.rcc_set_ppre2
                0x0000000008001518       0x18 ../../libopencm3/lib/libopencm3_stm32l1.a(rcc.o)
                0x0000000008001518                rcc_set_ppre2
 .text.rcc_set_ppre1
                0x0000000008001530       0x18 ../../libopencm3/lib/libopencm3_stm32l1.a(rcc.o)
                0x0000000008001530                rcc_set_ppre1
 .text.rcc_set_hpre
                0x0000000008001548       0x18 ../../libopencm3/lib/libopencm3_stm32l1.a(rcc.o)
                0x0000000008001548                rcc_set_hpre
 .text.rcc_clock_setup_pll
                0x0000000008001560       0x84 ../../libopencm3/lib/libopencm3_stm32l1.a(rcc.o)
                0x0000000008001560                rcc_clock_setup_pll
 .text.rcc_get_usart_clk_freq
                0x00000000080015e4       0x1c ../../libopencm3/lib/libopencm3_stm32l1.a(rcc.o)
                0x00000000080015e4                rcc_get_usart_clk_freq
 .text.rcc_periph_clock_enable
                0x0000000008001600       0x1c ../../libopencm3/lib/libopencm3_stm32l1.a(rcc_common_all.o)
                0x0000000008001600                rcc_periph_clock_enable
 .text.timer_enable_irq
                0x000000000800161c        0x8 ../../libopencm3/lib/libopencm3_stm32l1.a(timer_common_all.o)
                0x000000000800161c                timer_enable_irq
 .text.timer_get_flag
                0x0000000008001624        0xc ../../libopencm3/lib/libopencm3_stm32l1.a(timer_common_all.o)
                0x0000000008001624                timer_get_flag
 .text.timer_clear_flag
                0x0000000008001630        0x6 ../../libopencm3/lib/libopencm3_stm32l1.a(timer_common_all.o)
                0x0000000008001630                timer_clear_flag
 .text.timer_set_mode
                0x0000000008001636       0x12 ../../libopencm3/lib/libopencm3_stm32l1.a(timer_common_all.o)
                0x0000000008001636                timer_set_mode
 .text.timer_enable_counter
                0x0000000008001648        0xa ../../libopencm3/lib/libopencm3_stm32l1.a(timer_common_all.o)
                0x0000000008001648                timer_enable_counter
 .text.timer_set_prescaler
                0x0000000008001652        0x4 ../../libopencm3/lib/libopencm3_stm32l1.a(timer_common_all.o)
                0x0000000008001652                timer_set_prescaler
 .text.timer_set_period
                0x0000000008001656        0x4 ../../libopencm3/lib/libopencm3_stm32l1.a(timer_common_all.o)
                0x0000000008001656                timer_set_period
 .text.timer_get_counter
                0x000000000800165a        0x4 ../../libopencm3/lib/libopencm3_stm32l1.a(timer_common_all.o)
                0x000000000800165a                timer_get_counter
 .text.usart_set_baudrate
                0x000000000800165e       0x16 ../../libopencm3/lib/libopencm3_stm32l1.a(usart_common_all.o)
                0x000000000800165e                usart_set_baudrate
 .text.usart_set_databits
                0x0000000008001674       0x12 ../../libopencm3/lib/libopencm3_stm32l1.a(usart_common_all.o)
                0x0000000008001674                usart_set_databits
 .text.usart_set_stopbits
                0x0000000008001686        0xc ../../libopencm3/lib/libopencm3_stm32l1.a(usart_common_all.o)
                0x0000000008001686                usart_set_stopbits
 .text.usart_set_parity
                0x0000000008001692        0xc ../../libopencm3/lib/libopencm3_stm32l1.a(usart_common_all.o)
                0x0000000008001692                usart_set_parity
 .text.usart_set_mode
                0x000000000800169e        0xc ../../libopencm3/lib/libopencm3_stm32l1.a(usart_common_all.o)
                0x000000000800169e                usart_set_mode
 .text.usart_set_flow_control
                0x00000000080016aa        0xc ../../libopencm3/lib/libopencm3_stm32l1.a(usart_common_all.o)
                0x00000000080016aa                usart_set_flow_control
 .text.usart_enable
                0x00000000080016b6        0xa ../../libopencm3/lib/libopencm3_stm32l1.a(usart_common_all.o)
                0x00000000080016b6                usart_enable
 .text.usart_send_blocking
                0x00000000080016c0       0x16 ../../libopencm3/lib/libopencm3_stm32l1.a(usart_common_all.o)
                0x00000000080016c0                usart_send_blocking
 .text.usart_enable_rx_interrupt
                0x00000000080016d6        0xa ../../libopencm3/lib/libopencm3_stm32l1.a(usart_common_all.o)
                0x00000000080016d6                usart_enable_rx_interrupt
 .text.usart_send
                0x00000000080016e0        0x8 ../../libopencm3/lib/libopencm3_stm32l1.a(usart_common_f124.o)
                0x00000000080016e0                usart_send
 .text.usart_recv
                0x00000000080016e8        0x8 ../../libopencm3/lib/libopencm3_stm32l1.a(usart_common_f124.o)
                0x00000000080016e8                usart_recv
 .text.usart_wait_send_ready
                0x00000000080016f0        0x8 ../../libopencm3/lib/libopencm3_stm32l1.a(usart_common_f124.o)
                0x00000000080016f0                usart_wait_send_ready
 .text.usart_get_flag
                0x00000000080016f8        0xc ../../libopencm3/lib/libopencm3_stm32l1.a(usart_common_f124.o)
                0x00000000080016f8                usart_get_flag
 .text.blocking_handler
                0x0000000008001704        0x2 ../../libopencm3/lib/libopencm3_stm32l1.a(vector.o)
                0x0000000008001704                usb_lp_isr
                0x0000000008001704                usb_hp_isr
                0x0000000008001704                usart3_isr
                0x0000000008001704                tim7_isr
                0x0000000008001704                tim6_isr
                0x0000000008001704                blocking_handler
                0x0000000008001704                tim5_isr
                0x0000000008001704                rtc_wkup_isr
                0x0000000008001704                spi1_isr
                0x0000000008001704                exti2_isr
                0x0000000008001704                dma1_channel6_isr
                0x0000000008001704                dma1_channel5_isr
                0x0000000008001704                dma2_ch3_isr
                0x0000000008001704                usart1_isr
                0x0000000008001704                dac_isr
                0x0000000008001704                usage_fault_handler
                0x0000000008001704                tamper_stamp_isr
                0x0000000008001704                dma2_ch1_isr
                0x0000000008001704                sdio_isr
                0x0000000008001704                dma1_channel4_isr
                0x0000000008001704                pvd_isr
                0x0000000008001704                usb_fs_wakeup_isr
                0x0000000008001704                rcc_isr
                0x0000000008001704                flash_isr
                0x0000000008001704                uart4_isr
                0x0000000008001704                rtc_alarm_isr
                0x0000000008001704                exti15_10_isr
                0x0000000008001704                hard_fault_handler
                0x0000000008001704                exti1_isr
                0x0000000008001704                i2c1_ev_isr
                0x0000000008001704                spi2_isr
                0x0000000008001704                aes_isr
                0x0000000008001704                comp_acq_isr
                0x0000000008001704                exti3_isr
                0x0000000008001704                i2c2_er_isr
                0x0000000008001704                i2c2_ev_isr
                0x0000000008001704                uart5_isr
                0x0000000008001704                dma1_channel1_isr
                0x0000000008001704                exti4_isr
                0x0000000008001704                dma2_ch5_isr
                0x0000000008001704                comp_isr
                0x0000000008001704                mem_manage_handler
                0x0000000008001704                lcd_isr
                0x0000000008001704                exti9_5_isr
                0x0000000008001704                dma2_ch4_isr
                0x0000000008001704                dma1_channel7_isr
                0x0000000008001704                tim10_isr
                0x0000000008001704                dma2_ch2_isr
                0x0000000008001704                tim4_isr
                0x0000000008001704                dma1_channel2_isr
                0x0000000008001704                adc1_isr
                0x0000000008001704                i2c1_er_isr
                0x0000000008001704                tim9_isr
                0x0000000008001704                tim11_isr
                0x0000000008001704                bus_fault_handler
                0x0000000008001704                wwdg_isr
                0x0000000008001704                dma1_channel3_isr
                0x0000000008001704                spi3_isr
                0x0000000008001704                tim2_isr
                0x0000000008001704                exti0_isr
 .text.null_handler
                0x0000000008001706        0x2 ../../libopencm3/lib/libopencm3_stm32l1.a(vector.o)
                0x0000000008001706                null_handler
                0x0000000008001706                sv_call_handler
                0x0000000008001706                pend_sv_handler
                0x0000000008001706                debug_monitor_handler
                0x0000000008001706                nmi_handler
 .text.reset_handler
                0x0000000008001708       0x94 ../../libopencm3/lib/libopencm3_stm32l1.a(vector.o)
                0x0000000008001708                reset_handler
 .text.nvic_enable_irq
                0x000000000800179c       0x1a ../../libopencm3/lib/libopencm3_stm32l1.a(nvic.o)
                0x000000000800179c                nvic_enable_irq
 *fill*         0x00000000080017b6        0x2 
 .text.flash_64bit_enable
                0x00000000080017b8       0x14 ../../libopencm3/lib/libopencm3_stm32l1.a(flash.o)
                0x00000000080017b8                flash_64bit_enable
 .text.flash_prefetch_enable
                0x00000000080017cc       0x14 ../../libopencm3/lib/libopencm3_stm32l1.a(flash_common_all.o)
                0x00000000080017cc                flash_prefetch_enable
 .text.flash_set_ws
                0x00000000080017e0       0x18 ../../libopencm3/lib/libopencm3_stm32l1.a(flash_common_all.o)
                0x00000000080017e0                flash_set_ws
 .text.pwr_set_vos_scale
                0x00000000080017f8       0x2c ../../libopencm3/lib/libopencm3_stm32l1.a(pwr_common_v2.o)
                0x00000000080017f8                pwr_set_vos_scale
 .text          0x0000000008001824      0x180 /usr/lib/gcc/arm-none-eabi/10.3.1/../../../arm-none-eabi/lib/thumb/v7-m/nofp/libm.a(lib_a-w_pow.o)
                0x0000000008001824                pow
 *fill*         0x00000000080019a4        0x4 
 .text          0x00000000080019a8      0xad0 /usr/lib/gcc/arm-none-eabi/10.3.1/../../../arm-none-eabi/lib/thumb/v7-m/nofp/libm.a(lib_a-e_pow.o)
                0x00000000080019a8                __ieee754_pow
 .text          0x0000000008002478      0x18c /usr/lib/gcc/arm-none-eabi/10.3.1/../../../arm-none-eabi/lib/thumb/v7-m/nofp/libm.a(lib_a-e_sqrt.o)
                0x0000000008002478                __ieee754_sqrt
 .text          0x0000000008002604        0x8 /usr/lib/gcc/arm-none-eabi/10.3.1/../../../arm-none-eabi/lib/thumb/v7-m/nofp/libm.a(lib_a-s_fabs.o)
                0x0000000008002604                fabs
 .text          0x000000000800260c        0xc /usr/lib/gcc/arm-none-eabi/10.3.1/../../../arm-none-eabi/lib/thumb/v7-m/nofp/libm.a(lib_a-s_finite.o)
                0x000000000800260c                finite
 .text          0x0000000008002618        0xc /usr/lib/gcc/arm-none-eabi/10.3.1/../../../arm-none-eabi/lib/thumb/v7-m/nofp/libm.a(lib_a-s_nan.o)
                0x0000000008002618                nan
 .text          0x0000000008002624      0x138 /usr/lib/gcc/arm-none-eabi/10.3.1/../../../arm-none-eabi/lib/thumb/v7-m/nofp/libm.a(lib_a-s_rint.o)
                0x0000000008002624                rint
 *fill*         0x000000000800275c        0x4 
 .text          0x0000000008002760       0xfc /usr/lib/gcc/arm-none-eabi/10.3.1/../../../arm-none-eabi/lib/thumb/v7-m/nofp/libm.a(lib_a-s_scalbn.o)
                0x0000000008002760                scalbn
 .text          0x000000000800285c      0x378 /usr/lib/gcc/arm-none-eabi/10.3.1/thumb/v7-m/nofp/libgcc.a(_arm_addsubdf3.o)
                0x000000000800285c                __aeabi_drsub
                0x0000000008002864                __aeabi_dsub
                0x0000000008002864                __subdf3
                0x0000000008002868                __adddf3
                0x0000000008002868                __aeabi_dadd
                0x0000000008002ae0                __aeabi_ui2d
                0x0000000008002ae0                __floatunsidf
                0x0000000008002b00                __floatsidf
                0x0000000008002b00                __aeabi_i2d
                0x0000000008002b24                __extendsfdf2
                0x0000000008002b24                __aeabi_f2d
                0x0000000008002b68                __aeabi_ul2d
                0x0000000008002b68                __floatundidf
                0x0000000008002b78                __floatdidf
                0x0000000008002b78                __aeabi_l2d
 .text          0x0000000008002bd4      0x424 /usr/lib/gcc/arm-none-eabi/10.3.1/thumb/v7-m/nofp/libgcc.a(_arm_muldivdf3.o)
                0x0000000008002bd4                __aeabi_dmul
                0x0000000008002bd4                __muldf3
                0x0000000008002e28                __aeabi_ddiv
                0x0000000008002e28                __divdf3
 .text          0x0000000008002ff8      0x110 /usr/lib/gcc/arm-none-eabi/10.3.1/thumb/v7-m/nofp/libgcc.a(_arm_cmpdf2.o)
                0x0000000008002ff8                __gtdf2
                0x0000000008002ff8                __gedf2
                0x0000000008003000                __ltdf2
                0x0000000008003000                __ledf2
                0x0000000008003008                __cmpdf2
                0x0000000008003008                __eqdf2
                0x0000000008003008                __nedf2
                0x0000000008003084                __aeabi_cdrcmple
                0x0000000008003094                __aeabi_cdcmple
                0x0000000008003094                __aeabi_cdcmpeq
                0x00000000080030a4                __aeabi_dcmpeq
                0x00000000080030b8                __aeabi_dcmplt
                0x00000000080030cc                __aeabi_dcmple
                0x00000000080030e0                __aeabi_dcmpge
                0x00000000080030f4                __aeabi_dcmpgt
 .text          0x0000000008003108       0x2c /usr/lib/gcc/arm-none-eabi/10.3.1/thumb/v7-m/nofp/libgcc.a(_arm_unorddf2.o)
                0x0000000008003108                __aeabi_dcmpun
                0x0000000008003108                __unorddf2
 .text          0x0000000008003134       0x10 /usr/lib/gcc/arm-none-eabi/10.3.1/../../../arm-none-eabi/lib/thumb/v7-m/nofp/libc_nano.a(lib_a-atoi.o)
                0x0000000008003134                atoi
                0x000000000800313c                _atoi_r
 .text          0x0000000008003144        0xc /usr/lib/gcc/arm-none-eabi/10.3.1/../../../arm-none-eabi/lib/thumb/v7-m/nofp/libc_nano.a(lib_a-errno.o)
                0x0000000008003144                __errno
 .text          0x0000000008003150       0x60 /usr/lib/gcc/arm-none-eabi/10.3.1/../../../arm-none-eabi/lib/thumb/v7-m/nofp/libc_nano.a(lib_a-printf.o)
                0x0000000008003150                _printf_r
                0x0000000008003150                _iprintf_r
                0x000000000800317c                printf
                0x000000000800317c                iprintf
 .text          0x00000000080031b0       0x44 /usr/lib/gcc/arm-none-eabi/10.3.1/../../../arm-none-eabi/lib/thumb/v7-m/nofp/libc_nano.a(lib_a-strcasecmp.o)
                0x00000000080031b0                strcasecmp
 .text          0x00000000080031f4       0x74 /usr/lib/gcc/arm-none-eabi/10.3.1/../../../arm-none-eabi/lib/thumb/v7-m/nofp/libc_nano.a(lib_a-strtok.o)
                0x00000000080031f4                strtok
 .text          0x0000000008003268       0x70 /usr/lib/gcc/arm-none-eabi/10.3.1/../../../arm-none-eabi/lib/thumb/v7-m/nofp/libc_nano.a(lib_a-strtok_r.o)
                0x0000000008003268                __strtok_r
                0x00000000080032d0                strtok_r
 .text          0x00000000080032d8      0x190 /usr/lib/gcc/arm-none-eabi/10.3.1/../../../arm-none-eabi/lib/thumb/v7-m/nofp/libc_nano.a(lib_a-strtol.o)
                0x00000000080033f8                _strtol_r
                0x0000000008003410                strtol_l
                0x000000000800343c                strtol
 .text          0x0000000008003468       0x4c /usr/lib/gcc/arm-none-eabi/10.3.1/../../../arm-none-eabi/lib/thumb/v7-m/nofp/libc_nano.a(lib_a-assert.o)
                0x0000000008003468                __assert_func
                0x00000000080034a8                __assert
 .text          0x00000000080034b4      0x230 /usr/lib/gcc/arm-none-eabi/10.3.1/../../../arm-none-eabi/lib/thumb/v7-m/nofp/libc_nano.a(lib_a-findfp.o)
                0x00000000080034b8                _cleanup_r
                0x00000000080034c8                __sfmoreglue
                0x00000000080034f8                __sfp
                0x0000000008003690                _cleanup
                0x00000000080036a4                __sinit
                0x00000000080036ac                __sfp_lock_acquire
                0x00000000080036b0                __sfp_lock_release
                0x00000000080036b4                __sinit_lock_acquire
                0x00000000080036b8                __sinit_lock_release
                0x00000000080036bc                __fp_lock_all
                0x00000000080036d0                __fp_unlock_all
 .text          0x00000000080036e4       0x44 /usr/lib/gcc/arm-none-eabi/10.3.1/../../../arm-none-eabi/lib/thumb/v7-m/nofp/libc_nano.a(lib_a-fprintf.o)
                0x00000000080036e4                _fprintf_r
                0x00000000080036e4                _fiprintf_r
                0x0000000008003700                fprintf
                0x0000000008003700                fiprintf
 .text          0x0000000008003728       0x88 /usr/lib/gcc/arm-none-eabi/10.3.1/../../../arm-none-eabi/lib/thumb/v7-m/nofp/libc_nano.a(lib_a-fwalk.o)
                0x0000000008003728                _fwalk
                0x0000000008003768                _fwalk_reent
 .text          0x00000000080037b0       0x20 /usr/lib/gcc/arm-none-eabi/10.3.1/../../../arm-none-eabi/lib/thumb/v7-m/nofp/libc_nano.a(lib_a-malloc.o)
                0x00000000080037b0                malloc
                0x00000000080037c0                free
 .text          0x00000000080037d0       0xa4 /usr/lib/gcc/arm-none-eabi/10.3.1/../../../arm-none-eabi/lib/thumb/v7-m/nofp/libc_nano.a(lib_a-memset.o)
                0x00000000080037d0                memset
 .text          0x0000000008003874       0xcc /usr/lib/gcc/arm-none-eabi/10.3.1/../../../arm-none-eabi/lib/thumb/v7-m/nofp/libc_nano.a(lib_a-nano-freer.o)
                0x0000000008003874                _free_r
 .text          0x0000000008003940       0xb8 /usr/lib/gcc/arm-none-eabi/10.3.1/../../../arm-none-eabi/lib/thumb/v7-m/nofp/libc_nano.a(lib_a-nano-mallocr.o)
                0x0000000008003940                _malloc_r
 .text          0x00000000080039f8      0x320 /usr/lib/gcc/arm-none-eabi/10.3.1/../../../arm-none-eabi/lib/thumb/v7-m/nofp/libc_nano.a(lib_a-nano-vfprintf.o)
                0x0000000008003a20                __sfputs_r
                0x0000000008003a50                __sprint_r
                0x0000000008003a6c                _vfiprintf_r
                0x0000000008003a6c                _vfprintf_r
                0x0000000008003cfc                vfiprintf
                0x0000000008003cfc                vfprintf
 .text          0x0000000008003d18      0x3d8 /usr/lib/gcc/arm-none-eabi/10.3.1/../../../arm-none-eabi/lib/thumb/v7-m/nofp/libc_nano.a(lib_a-nano-vfprintf_i.o)
                0x0000000008003d18                _printf_common
                0x0000000008003e44                _printf_i
 .text          0x00000000080040f0       0x24 /usr/lib/gcc/arm-none-eabi/10.3.1/../../../arm-none-eabi/lib/thumb/v7-m/nofp/libc_nano.a(lib_a-sbrkr.o)
                0x00000000080040f0                _sbrk_r
 .text          0x0000000008004114       0x90 /usr/lib/gcc/arm-none-eabi/10.3.1/../../../arm-none-eabi/lib/thumb/v7-m/nofp/libc_nano.a(lib_a-stdio.o)
                0x0000000008004114                __sread
                0x0000000008004138                __seofread
                0x000000000800413c                __swrite
                0x000000000800417c                __sseek
                0x000000000800419c                __sclose
 .text          0x00000000080041a4       0xc4 /usr/lib/gcc/arm-none-eabi/10.3.1/../../../arm-none-eabi/lib/thumb/v7-m/nofp/libc_nano.a(lib_a-wbuf.o)
                0x00000000080041a4                __swbuf_r
                0x0000000008004254                __swbuf
 .text          0x0000000008004268       0x2c /usr/lib/gcc/arm-none-eabi/10.3.1/../../../arm-none-eabi/lib/thumb/v7-m/nofp/libc_nano.a(lib_a-writer.o)
                0x0000000008004268                _write_r
 .text          0x0000000008004294      0x104 /usr/lib/gcc/arm-none-eabi/10.3.1/../../../arm-none-eabi/lib/thumb/v7-m/nofp/libc_nano.a(lib_a-wsetup.o)
                0x0000000008004294                __swsetup_r
 .text          0x0000000008004398       0x10 /usr/lib/gcc/arm-none-eabi/10.3.1/../../../arm-none-eabi/lib/thumb/v7-m/nofp/libc_nano.a(lib_a-abort.o)
                0x0000000008004398                abort
 .text          0x00000000080043a8       0x24 /usr/lib/gcc/arm-none-eabi/10.3.1/../../../arm-none-eabi/lib/thumb/v7-m/nofp/libc_nano.a(lib_a-closer.o)
                0x00000000080043a8                _close_r
 .text          0x00000000080043cc      0x1dc /usr/lib/gcc/arm-none-eabi/10.3.1/../../../arm-none-eabi/lib/thumb/v7-m/nofp/libc_nano.a(lib_a-fflush.o)
                0x00000000080043cc                __sflush_r
                0x00000000080044d4                _fflush_r
                0x0000000008004528                fflush
 .text          0x00000000080045a8      0x2f0 /usr/lib/gcc/arm-none-eabi/10.3.1/../../../arm-none-eabi/lib/thumb/v7-m/nofp/libc_nano.a(lib_a-fvwrite.o)
                0x00000000080045a8                __sfvwrite_r
 .text          0x0000000008004898       0x2c /usr/lib/gcc/arm-none-eabi/10.3.1/../../../arm-none-eabi/lib/thumb/v7-m/nofp/libc_nano.a(lib_a-lseekr.o)
                0x0000000008004898                _lseek_r
 .text          0x00000000080048c4      0x11c /usr/lib/gcc/arm-none-eabi/10.3.1/../../../arm-none-eabi/lib/thumb/v7-m/nofp/libc_nano.a(lib_a-makebuf.o)
                0x00000000080048c4                __smakebuf_r
                0x0000000008004984                __swhatbuf_r
 .text          0x00000000080049e0       0x90 /usr/lib/gcc/arm-none-eabi/10.3.1/../../../arm-none-eabi/lib/thumb/v7-m/nofp/libc_nano.a(lib_a-memchr-stub.o)
                0x00000000080049e0                memchr
 .text          0x0000000008004a70       0xec /usr/lib/gcc/arm-none-eabi/10.3.1/../../../arm-none-eabi/lib/thumb/v7-m/nofp/libc_nano.a(lib_a-memcpy.o)
                0x0000000008004a70                memcpy
 .text          0x0000000008004b5c       0xf8 /usr/lib/gcc/arm-none-eabi/10.3.1/../../../arm-none-eabi/lib/thumb/v7-m/nofp/libc_nano.a(lib_a-memmove.o)
                0x0000000008004b5c                memmove
 .text          0x0000000008004c54        0x8 /usr/lib/gcc/arm-none-eabi/10.3.1/../../../arm-none-eabi/lib/thumb/v7-m/nofp/libc_nano.a(lib_a-mlock.o)
                0x0000000008004c54                __malloc_lock
                0x0000000008004c58                __malloc_unlock
 .text          0x0000000008004c5c       0x50 /usr/lib/gcc/arm-none-eabi/10.3.1/../../../arm-none-eabi/lib/thumb/v7-m/nofp/libc_nano.a(lib_a-nano-reallocr.o)
                0x0000000008004c5c                _realloc_r
 .text          0x0000000008004cac       0x2c /usr/lib/gcc/arm-none-eabi/10.3.1/../../../arm-none-eabi/lib/thumb/v7-m/nofp/libc_nano.a(lib_a-readr.o)
                0x0000000008004cac                _read_r
 .text          0x0000000008004cd8      0x26c /usr/lib/gcc/arm-none-eabi/10.3.1/../../../arm-none-eabi/lib/thumb/v7-m/nofp/libc_nano.a(lib_a-signal.o)
                0x0000000008004cd8                _init_signal_r
                0x0000000008004d04                _signal_r
                0x0000000008004d4c                _raise_r
                0x0000000008004da0                __sigtramp_r
                0x0000000008004e04                raise
                0x0000000008004e5c                signal
                0x0000000008004eac                _init_signal
                0x0000000008004ee0                __sigtramp
 .text          0x0000000008004f44       0x2c /usr/lib/gcc/arm-none-eabi/10.3.1/../../../arm-none-eabi/lib/thumb/v7-m/nofp/libc_nano.a(lib_a-signalr.o)
                0x0000000008004f44                _kill_r
                0x0000000008004f6c                _getpid_r
 .text          0x0000000008004f70       0x28 /usr/lib/gcc/arm-none-eabi/10.3.1/../../../arm-none-eabi/lib/thumb/v7-m/nofp/libc_nano.a(lib_a-fstatr.o)
                0x0000000008004f70                _fstat_r
 .text          0x0000000008004f98       0x24 /usr/lib/gcc/arm-none-eabi/10.3.1/../../../arm-none-eabi/lib/thumb/v7-m/nofp/libc_nano.a(lib_a-isattyr.o)
                0x0000000008004f98                _isatty_r
 .text          0x0000000008004fbc       0x14 /usr/lib/gcc/arm-none-eabi/10.3.1/../../../arm-none-eabi/lib/thumb/v7-m/nofp/libc_nano.a(lib_a-nano-msizer.o)
                0x0000000008004fbc                _malloc_usable_size_r
 .text          0x0000000008004fd0       0x10 /usr/lib/gcc/arm-none-eabi/10.3.1/../../../arm-none-eabi/lib/thumb/v7-m/nofp/libnosys.a(close.o)
                0x0000000008004fd0                _close
 .text          0x0000000008004fe0       0x10 /usr/lib/gcc/arm-none-eabi/10.3.1/../../../arm-none-eabi/lib/thumb/v7-m/nofp/libnosys.a(fstat.o)
                0x0000000008004fe0                _fstat
 .text          0x0000000008004ff0       0x10 /usr/lib/gcc/arm-none-eabi/10.3.1/../../../arm-none-eabi/lib/thumb/v7-m/nofp/libnosys.a(getpid.o)
                0x0000000008004ff0                _getpid
 .text          0x0000000008005000       0x10 /usr/lib/gcc/arm-none-eabi/10.3.1/../../../arm-none-eabi/lib/thumb/v7-m/nofp/libnosys.a(isatty.o)
                0x0000000008005000                _isatty
 .text          0x0000000008005010       0x10 /usr/lib/gcc/arm-none-eabi/10.3.1/../../../arm-none-eabi/lib/thumb/v7-m/nofp/libnosys.a(kill.o)
                0x0000000008005010                _kill
 .text          0x0000000008005020       0x10 /usr/lib/gcc/arm-none-eabi/10.3.1/../../../arm-none-eabi/lib/thumb/v7-m/nofp/libnosys.a(lseek.o)
                0x0000000008005020                _lseek
 .text          0x0000000008005030       0x10 /usr/lib/gcc/arm-none-eabi/10.3.1/../../../arm-none-eabi/lib/thumb/v7-m/nofp/libnosys.a(read.o)
                0x0000000008005030                _read
 .text          0x0000000008005040       0x1c /usr/lib/gcc/arm-none-eabi/10.3.1/../../../arm-none-eabi/lib/thumb/v7-m/nofp/libnosys.a(sbrk.o)
                0x0000000008005040                _sbrk
 .text          0x000000000800505c        0x4 /usr/lib/gcc/arm-none-eabi/10.3.1/../../../arm-none-eabi/lib/thumb/v7-m/nofp/libnosys.a(_exit.o)
                0x000000000800505c                _exit
                0x0000000008005060                . = ALIGN (0x4)
 *(.rodata*)
 .rodata        0x0000000008005060      0x759 CMakeFiles/RE46C109_Programmer.elf.dir/drivers/uart_drv.c.obj
 *fill*         0x00000000080057b9        0x3 
 .rodata.rcc_clock_config
                0x00000000080057bc       0xa8 ../../libopencm3/lib/libopencm3_stm32l1.a(rcc.o)
                0x00000000080057bc                rcc_clock_config
 .rodata.str1.4
                0x0000000008005864        0x0 /usr/lib/gcc/arm-none-eabi/10.3.1/../../../arm-none-eabi/lib/thumb/v7-m/nofp/libm.a(lib_a-e_pow.o)
                                          0x1 (size before relaxing)
 *fill*         0x0000000008005864        0x4 
 .rodata        0x0000000008005868       0x10 /usr/lib/gcc/arm-none-eabi/10.3.1/../../../arm-none-eabi/lib/thumb/v7-m/nofp/libm.a(lib_a-s_rint.o)
 .rodata        0x0000000008005878        0x4 /usr/lib/gcc/arm-none-eabi/10.3.1/../../../arm-none-eabi/lib/thumb/v7-m/nofp/libc_nano.a(lib_a-impure.o)
                0x0000000008005878                _global_impure_ptr
 .rodata.str1.4
                0x000000000800587c       0x4c /usr/lib/gcc/arm-none-eabi/10.3.1/../../../arm-none-eabi/lib/thumb/v7-m/nofp/libc_nano.a(lib_a-strtok.o)
 .rodata.str1.4
                0x00000000080058c8       0x3f /usr/lib/gcc/arm-none-eabi/10.3.1/../../../arm-none-eabi/lib/thumb/v7-m/nofp/libc_nano.a(lib_a-assert.o)
                                         0x43 (size before relaxing)
 *fill*         0x0000000008005907        0x1 
 .rodata        0x0000000008005908      0x101 /usr/lib/gcc/arm-none-eabi/10.3.1/../../../arm-none-eabi/lib/thumb/v7-m/nofp/libc_nano.a(lib_a-ctype_.o)
                0x0000000008005908                _ctype_
 *fill*         0x0000000008005a09        0x3 
 .rodata        0x0000000008005a0c       0x60 /usr/lib/gcc/arm-none-eabi/10.3.1/../../../arm-none-eabi/lib/thumb/v7-m/nofp/libc_nano.a(lib_a-findfp.o)
                0x0000000008005a0c                __sf_fake_stderr
                0x0000000008005a2c                __sf_fake_stdout
                0x0000000008005a4c                __sf_fake_stdin
 .rodata.str1.4
                0x0000000008005a6c       0x13 /usr/lib/gcc/arm-none-eabi/10.3.1/../../../arm-none-eabi/lib/thumb/v7-m/nofp/libc_nano.a(lib_a-nano-vfprintf.o)
 *fill*         0x0000000008005a7f        0x1 
 .rodata.str1.4
                0x0000000008005a80       0x25 /usr/lib/gcc/arm-none-eabi/10.3.1/../../../arm-none-eabi/lib/thumb/v7-m/nofp/libc_nano.a(lib_a-nano-vfprintf_i.o)
                0x0000000008005aa8                . = ALIGN (0x4)
 *fill*         0x0000000008005aa5        0x3 

.glue_7         0x0000000008005aa8        0x0
 .glue_7        0x0000000008005aa8        0x0 linker stubs

.glue_7t        0x0000000008005aa8        0x0
 .glue_7t       0x0000000008005aa8        0x0 linker stubs

.vfp11_veneer   0x0000000008005aa8        0x0
 .vfp11_veneer  0x0000000008005aa8        0x0 linker stubs

.v4_bx          0x0000000008005aa8        0x0
 .v4_bx         0x0000000008005aa8        0x0 linker stubs

.iplt           0x0000000008005aa8        0x0
 .iplt          0x0000000008005aa8        0x0 CMakeFiles/RE46C109_Programmer.elf.dir/src/main.c.obj

.rel.dyn        0x0000000008005aa8        0x0
 .rel.iplt      0x0000000008005aa8        0x0 CMakeFiles/RE46C109_Programmer.elf.dir/src/main.c.obj

.preinit_array  0x0000000008005aa8        0x0
                0x0000000008005aa8                . = ALIGN (0x4)
                0x0000000008005aa8                __preinit_array_start = .
 *(.preinit_array)
                0x0000000008005aa8                __preinit_array_end = .

.init_array     0x0000000008005aa8        0x0
                0x0000000008005aa8                . = ALIGN (0x4)
                0x0000000008005aa8                __init_array_start = .
 *(SORT_BY_NAME(.init_array.*))
 *(.init_array)
                0x0000000008005aa8                __init_array_end = .

.fini_array     0x0000000008005aa8        0x0
                0x0000000008005aa8                . = ALIGN (0x4)
                0x0000000008005aa8                __fini_array_start = .
 *(.fini_array)
 *(SORT_BY_NAME(.fini_array.*))
                0x0000000008005aa8                __fini_array_end = .

.ARM.extab
 *(.ARM.extab*)

.ARM.exidx      0x0000000008005aa8        0x0
                0x0000000008005aa8                __exidx_start = .
 *(.ARM.exidx*)
                0x0000000008005aa8                __exidx_end = .
                0x0000000008005aa8                . = ALIGN (0x4)
                0x0000000008005aa8                _etext = .

.noinit
 *(.noinit*)
                0x0000000008005aa8                . = ALIGN (0x4)

.data           0x0000000020000000       0xf4 load address 0x0000000008005aa8
                0x0000000020000000                _data = .
 *(.data*)
 .data.calibrationMode
                0x0000000020000000        0x1 CMakeFiles/RE46C109_Programmer.elf.dir/drivers/RE46C109_drv.c.obj
                0x0000000020000000                calibrationMode
 *fill*         0x0000000020000001        0x7 
 .data.config_reg
                0x0000000020000008        0x8 CMakeFiles/RE46C109_Programmer.elf.dir/drivers/RE46C109_drv.c.obj
                0x0000000020000008                config_reg
 .data.uartCmdList
                0x0000000020000010       0x70 CMakeFiles/RE46C109_Programmer.elf.dir/drivers/uart_drv.c.obj
                0x0000000020000010                uartCmdList
 .data.rcc_ahb_frequency
                0x0000000020000080        0x4 ../../libopencm3/lib/libopencm3_stm32l1.a(rcc.o)
                0x0000000020000080                rcc_ahb_frequency
 .data.rcc_apb1_frequency
                0x0000000020000084        0x4 ../../libopencm3/lib/libopencm3_stm32l1.a(rcc.o)
                0x0000000020000084                rcc_apb1_frequency
 .data.rcc_apb2_frequency
                0x0000000020000088        0x4 ../../libopencm3/lib/libopencm3_stm32l1.a(rcc.o)
                0x0000000020000088                rcc_apb2_frequency
 .data          0x000000002000008c        0x1 /usr/lib/gcc/arm-none-eabi/10.3.1/../../../arm-none-eabi/lib/thumb/v7-m/nofp/libm.a(lib_a-s_lib_ver.o)
                0x000000002000008c                __fdlib_version
 *fill*         0x000000002000008d        0x3 
 .data          0x0000000020000090       0x64 /usr/lib/gcc/arm-none-eabi/10.3.1/../../../arm-none-eabi/lib/thumb/v7-m/nofp/libc_nano.a(lib_a-impure.o)
                0x0000000020000090                _impure_ptr
 *(.ramtext*)
                0x00000000200000f4                . = ALIGN (0x4)
                0x00000000200000f4                _edata = .
                0x0000000008005aa8                _data_loadaddr = LOADADDR (.data)

.igot.plt       0x00000000200000f4        0x0 load address 0x0000000008005b9c
 .igot.plt      0x00000000200000f4        0x0 CMakeFiles/RE46C109_Programmer.elf.dir/src/main.c.obj

.bss            0x00000000200000f4       0x54 load address 0x0000000008005b9c
 *(.bss*)
 .bss.next_state
                0x00000000200000f4        0x1 CMakeFiles/RE46C109_Programmer.elf.dir/drivers/RE46C109_drv.c.obj
                0x00000000200000f4                next_state
 .bss.parameterIsrFlag
                0x00000000200000f5        0x1 CMakeFiles/RE46C109_Programmer.elf.dir/drivers/RE46C109_drv.c.obj
                0x00000000200000f5                parameterIsrFlag
 *fill*         0x00000000200000f6        0x2 
 .bss.system_millis
                0x00000000200000f8        0x4 CMakeFiles/RE46C109_Programmer.elf.dir/drivers/systick.c.obj
                0x00000000200000f8                system_millis
 .bss.uartRxBuffer
                0x00000000200000fc       0x14 CMakeFiles/RE46C109_Programmer.elf.dir/drivers/uart_drv.c.obj
                0x00000000200000fc                uartRxBuffer
 .bss.uartTxBuffer
                0x0000000020000110       0x14 CMakeFiles/RE46C109_Programmer.elf.dir/drivers/uart_drv.c.obj
                0x0000000020000110                uartTxBuffer
 .bss.myUartDev
                0x0000000020000124       0x10 CMakeFiles/RE46C109_Programmer.elf.dir/drivers/uart_drv.c.obj
                0x0000000020000124                myUartDev
 .bss.isrCnt    0x0000000020000134        0x1 CMakeFiles/RE46C109_Programmer.elf.dir/drivers/uart_drv.c.obj
                0x0000000020000134                isrCnt
 *fill*         0x0000000020000135        0x3 
 .bss           0x0000000020000138        0x8 /usr/lib/gcc/arm-none-eabi/10.3.1/../../../arm-none-eabi/lib/thumb/v7-m/nofp/libc_nano.a(lib_a-nano-mallocr.o)
                0x0000000020000138                __malloc_free_list
                0x000000002000013c                __malloc_sbrk_start
 .bss           0x0000000020000140        0x4 /usr/lib/gcc/arm-none-eabi/10.3.1/../../../arm-none-eabi/lib/thumb/v7-m/nofp/libc_nano.a(lib_a-reent.o)
                0x0000000020000140                errno
 .bss           0x0000000020000144        0x4 /usr/lib/gcc/arm-none-eabi/10.3.1/../../../arm-none-eabi/lib/thumb/v7-m/nofp/libnosys.a(sbrk.o)
 *(COMMON)
                0x0000000020000148                . = ALIGN (0x4)
                0x0000000020000148                _ebss = .

/DISCARD/
 *(.eh_frame)
                0x0000000020000148                . = ALIGN (0x4)
                0x0000000020000148                end = .
                0x0000000020014000                PROVIDE (_stack = (ORIGIN (ram) + LENGTH (ram)))
OUTPUT(RE46C109_Programmer.elf elf32-littlearm)
LOAD linker stubs

.debug_info     0x0000000000000000    0x1d6cb
 .debug_info    0x0000000000000000      0x19c CMakeFiles/RE46C109_Programmer.elf.dir/src/main.c.obj
 .debug_info    0x000000000000019c      0x408 CMakeFiles/RE46C109_Programmer.elf.dir/drivers/led_driver.c.obj
 .debug_info    0x00000000000005a4      0x132 CMakeFiles/RE46C109_Programmer.elf.dir/drivers/mamory.c.obj
 .debug_info    0x00000000000006d6      0x82e CMakeFiles/RE46C109_Programmer.elf.dir/drivers/RE46C109_drv.c.obj
 .debug_info    0x0000000000000f04       0xef CMakeFiles/RE46C109_Programmer.elf.dir/drivers/systick.c.obj
 .debug_info    0x0000000000000ff3      0x501 CMakeFiles/RE46C109_Programmer.elf.dir/drivers/timer_drv.c.obj
 .debug_info    0x00000000000014f4      0x858 CMakeFiles/RE46C109_Programmer.elf.dir/drivers/uart_drv.c.obj
 .debug_info    0x0000000000001d4c      0x24e ../../libopencm3/lib/libopencm3_stm32l1.a(gpio_common_all.o)
 .debug_info    0x0000000000001f9a      0x20f ../../libopencm3/lib/libopencm3_stm32l1.a(gpio_common_f0234.o)
 .debug_info    0x00000000000021a9      0xd67 ../../libopencm3/lib/libopencm3_stm32l1.a(rcc.o)
 .debug_info    0x0000000000002f10      0x69f ../../libopencm3/lib/libopencm3_stm32l1.a(rcc_common_all.o)
 .debug_info    0x00000000000035af     0x112b ../../libopencm3/lib/libopencm3_stm32l1.a(timer_common_all.o)
 .debug_info    0x00000000000046da      0x66e ../../libopencm3/lib/libopencm3_stm32l1.a(usart_common_all.o)
 .debug_info    0x0000000000004d48      0x186 ../../libopencm3/lib/libopencm3_stm32l1.a(usart_common_f124.o)
 .debug_info    0x0000000000004ece      0x2d1 ../../libopencm3/lib/libopencm3_stm32l1.a(vector.o)
 .debug_info    0x000000000000519f      0x22d ../../libopencm3/lib/libopencm3_stm32l1.a(nvic.o)
 .debug_info    0x00000000000053cc       0xa0 ../../libopencm3/lib/libopencm3_stm32l1.a(flash.o)
 .debug_info    0x000000000000546c       0xea ../../libopencm3/lib/libopencm3_stm32l1.a(flash_common_all.o)
 .debug_info    0x0000000000005556       0xd6 ../../libopencm3/lib/libopencm3_stm32l1.a(pwr_common_v2.o)
 .debug_info    0x000000000000562c      0x24b /usr/lib/gcc/arm-none-eabi/10.3.1/../../../arm-none-eabi/lib/thumb/v7-m/nofp/libm.a(lib_a-w_pow.o)
 .debug_info    0x0000000000005877      0xc65 /usr/lib/gcc/arm-none-eabi/10.3.1/../../../arm-none-eabi/lib/thumb/v7-m/nofp/libm.a(lib_a-e_pow.o)
 .debug_info    0x00000000000064dc      0x2c6 /usr/lib/gcc/arm-none-eabi/10.3.1/../../../arm-none-eabi/lib/thumb/v7-m/nofp/libm.a(lib_a-e_sqrt.o)
 .debug_info    0x00000000000067a2      0x151 /usr/lib/gcc/arm-none-eabi/10.3.1/../../../arm-none-eabi/lib/thumb/v7-m/nofp/libm.a(lib_a-s_fabs.o)
 .debug_info    0x00000000000068f3      0x143 /usr/lib/gcc/arm-none-eabi/10.3.1/../../../arm-none-eabi/lib/thumb/v7-m/nofp/libm.a(lib_a-s_finite.o)
 .debug_info    0x0000000000006a36       0xbb /usr/lib/gcc/arm-none-eabi/10.3.1/../../../arm-none-eabi/lib/thumb/v7-m/nofp/libm.a(lib_a-s_lib_ver.o)
 .debug_info    0x0000000000006af1       0xd2 /usr/lib/gcc/arm-none-eabi/10.3.1/../../../arm-none-eabi/lib/thumb/v7-m/nofp/libm.a(lib_a-s_nan.o)
 .debug_info    0x0000000000006bc3      0x29e /usr/lib/gcc/arm-none-eabi/10.3.1/../../../arm-none-eabi/lib/thumb/v7-m/nofp/libm.a(lib_a-s_rint.o)
 .debug_info    0x0000000000006e61      0x26d /usr/lib/gcc/arm-none-eabi/10.3.1/../../../arm-none-eabi/lib/thumb/v7-m/nofp/libm.a(lib_a-s_scalbn.o)
 .debug_info    0x00000000000070ce       0x26 /usr/lib/gcc/arm-none-eabi/10.3.1/thumb/v7-m/nofp/libgcc.a(_arm_addsubdf3.o)
 .debug_info    0x00000000000070f4       0x26 /usr/lib/gcc/arm-none-eabi/10.3.1/thumb/v7-m/nofp/libgcc.a(_arm_muldivdf3.o)
 .debug_info    0x000000000000711a       0x26 /usr/lib/gcc/arm-none-eabi/10.3.1/thumb/v7-m/nofp/libgcc.a(_arm_cmpdf2.o)
 .debug_info    0x0000000000007140       0x26 /usr/lib/gcc/arm-none-eabi/10.3.1/thumb/v7-m/nofp/libgcc.a(_arm_unorddf2.o)
 .debug_info    0x0000000000007166      0x848 /usr/lib/gcc/arm-none-eabi/10.3.1/../../../arm-none-eabi/lib/thumb/v7-m/nofp/libc_nano.a(lib_a-atoi.o)
 .debug_info    0x00000000000079ae      0x7ae /usr/lib/gcc/arm-none-eabi/10.3.1/../../../arm-none-eabi/lib/thumb/v7-m/nofp/libc_nano.a(lib_a-errno.o)
 .debug_info    0x000000000000815c      0x863 /usr/lib/gcc/arm-none-eabi/10.3.1/../../../arm-none-eabi/lib/thumb/v7-m/nofp/libc_nano.a(lib_a-impure.o)
 .debug_info    0x00000000000089bf      0x8fd /usr/lib/gcc/arm-none-eabi/10.3.1/../../../arm-none-eabi/lib/thumb/v7-m/nofp/libc_nano.a(lib_a-printf.o)
 .debug_info    0x00000000000092bc      0x15d /usr/lib/gcc/arm-none-eabi/10.3.1/../../../arm-none-eabi/lib/thumb/v7-m/nofp/libc_nano.a(lib_a-strcasecmp.o)
 .debug_info    0x0000000000009419      0x8c7 /usr/lib/gcc/arm-none-eabi/10.3.1/../../../arm-none-eabi/lib/thumb/v7-m/nofp/libc_nano.a(lib_a-strtok.o)
 .debug_info    0x0000000000009ce0      0x1b1 /usr/lib/gcc/arm-none-eabi/10.3.1/../../../arm-none-eabi/lib/thumb/v7-m/nofp/libc_nano.a(lib_a-strtok_r.o)
 .debug_info    0x0000000000009e91      0xf00 /usr/lib/gcc/arm-none-eabi/10.3.1/../../../arm-none-eabi/lib/thumb/v7-m/nofp/libc_nano.a(lib_a-strtol.o)
 .debug_info    0x000000000000ad91      0x8bd /usr/lib/gcc/arm-none-eabi/10.3.1/../../../arm-none-eabi/lib/thumb/v7-m/nofp/libc_nano.a(lib_a-assert.o)
 .debug_info    0x000000000000b64e       0xb8 /usr/lib/gcc/arm-none-eabi/10.3.1/../../../arm-none-eabi/lib/thumb/v7-m/nofp/libc_nano.a(lib_a-ctype_.o)
 .debug_info    0x000000000000b706      0xfae /usr/lib/gcc/arm-none-eabi/10.3.1/../../../arm-none-eabi/lib/thumb/v7-m/nofp/libc_nano.a(lib_a-findfp.o)
 .debug_info    0x000000000000c6b4      0x902 /usr/lib/gcc/arm-none-eabi/10.3.1/../../../arm-none-eabi/lib/thumb/v7-m/nofp/libc_nano.a(lib_a-fprintf.o)
 .debug_info    0x000000000000cfb6      0x900 /usr/lib/gcc/arm-none-eabi/10.3.1/../../../arm-none-eabi/lib/thumb/v7-m/nofp/libc_nano.a(lib_a-fwalk.o)
 .debug_info    0x000000000000d8b6      0x832 /usr/lib/gcc/arm-none-eabi/10.3.1/../../../arm-none-eabi/lib/thumb/v7-m/nofp/libc_nano.a(lib_a-malloc.o)
 .debug_info    0x000000000000e0e8      0x137 /usr/lib/gcc/arm-none-eabi/10.3.1/../../../arm-none-eabi/lib/thumb/v7-m/nofp/libc_nano.a(lib_a-memset.o)
 .debug_info    0x000000000000e21f      0x940 /usr/lib/gcc/arm-none-eabi/10.3.1/../../../arm-none-eabi/lib/thumb/v7-m/nofp/libc_nano.a(lib_a-nano-freer.o)
 .debug_info    0x000000000000eb5f      0xa0c /usr/lib/gcc/arm-none-eabi/10.3.1/../../../arm-none-eabi/lib/thumb/v7-m/nofp/libc_nano.a(lib_a-nano-mallocr.o)
 .debug_info    0x000000000000f56b     0x115f /usr/lib/gcc/arm-none-eabi/10.3.1/../../../arm-none-eabi/lib/thumb/v7-m/nofp/libc_nano.a(lib_a-nano-vfprintf.o)
 .debug_info    0x00000000000106ca      0xe9e /usr/lib/gcc/arm-none-eabi/10.3.1/../../../arm-none-eabi/lib/thumb/v7-m/nofp/libc_nano.a(lib_a-nano-vfprintf_i.o)
 .debug_info    0x0000000000011568      0x828 /usr/lib/gcc/arm-none-eabi/10.3.1/../../../arm-none-eabi/lib/thumb/v7-m/nofp/libc_nano.a(lib_a-sbrkr.o)
 .debug_info    0x0000000000011d90      0xabc /usr/lib/gcc/arm-none-eabi/10.3.1/../../../arm-none-eabi/lib/thumb/v7-m/nofp/libc_nano.a(lib_a-stdio.o)
 .debug_info    0x000000000001284c      0x998 /usr/lib/gcc/arm-none-eabi/10.3.1/../../../arm-none-eabi/lib/thumb/v7-m/nofp/libc_nano.a(lib_a-wbuf.o)
 .debug_info    0x00000000000131e4      0x85a /usr/lib/gcc/arm-none-eabi/10.3.1/../../../arm-none-eabi/lib/thumb/v7-m/nofp/libc_nano.a(lib_a-writer.o)
 .debug_info    0x0000000000013a3e      0x902 /usr/lib/gcc/arm-none-eabi/10.3.1/../../../arm-none-eabi/lib/thumb/v7-m/nofp/libc_nano.a(lib_a-wsetup.o)
 .debug_info    0x0000000000014340       0xcb /usr/lib/gcc/arm-none-eabi/10.3.1/../../../arm-none-eabi/lib/thumb/v7-m/nofp/libc_nano.a(lib_a-abort.o)
 .debug_info    0x000000000001440b      0x805 /usr/lib/gcc/arm-none-eabi/10.3.1/../../../arm-none-eabi/lib/thumb/v7-m/nofp/libc_nano.a(lib_a-closer.o)
 .debug_info    0x0000000000014c10      0xb0a /usr/lib/gcc/arm-none-eabi/10.3.1/../../../arm-none-eabi/lib/thumb/v7-m/nofp/libc_nano.a(lib_a-fflush.o)
 .debug_info    0x000000000001571a      0xb54 /usr/lib/gcc/arm-none-eabi/10.3.1/../../../arm-none-eabi/lib/thumb/v7-m/nofp/libc_nano.a(lib_a-fvwrite.o)
 .debug_info    0x000000000001626e      0x83b /usr/lib/gcc/arm-none-eabi/10.3.1/../../../arm-none-eabi/lib/thumb/v7-m/nofp/libc_nano.a(lib_a-lseekr.o)
 .debug_info    0x0000000000016aa9      0xc8a /usr/lib/gcc/arm-none-eabi/10.3.1/../../../arm-none-eabi/lib/thumb/v7-m/nofp/libc_nano.a(lib_a-makebuf.o)
 .debug_info    0x0000000000017733      0x14e /usr/lib/gcc/arm-none-eabi/10.3.1/../../../arm-none-eabi/lib/thumb/v7-m/nofp/libc_nano.a(lib_a-memchr-stub.o)
 .debug_info    0x0000000000017881       0x26 /usr/lib/gcc/arm-none-eabi/10.3.1/../../../arm-none-eabi/lib/thumb/v7-m/nofp/libc_nano.a(lib_a-memcpy.o)
 .debug_info    0x00000000000178a7      0x152 /usr/lib/gcc/arm-none-eabi/10.3.1/../../../arm-none-eabi/lib/thumb/v7-m/nofp/libc_nano.a(lib_a-memmove.o)
 .debug_info    0x00000000000179f9      0x7dc /usr/lib/gcc/arm-none-eabi/10.3.1/../../../arm-none-eabi/lib/thumb/v7-m/nofp/libc_nano.a(lib_a-mlock.o)
 .debug_info    0x00000000000181d5      0x911 /usr/lib/gcc/arm-none-eabi/10.3.1/../../../arm-none-eabi/lib/thumb/v7-m/nofp/libc_nano.a(lib_a-nano-reallocr.o)
 .debug_info    0x0000000000018ae6      0x853 /usr/lib/gcc/arm-none-eabi/10.3.1/../../../arm-none-eabi/lib/thumb/v7-m/nofp/libc_nano.a(lib_a-readr.o)
 .debug_info    0x0000000000019339      0xa7e /usr/lib/gcc/arm-none-eabi/10.3.1/../../../arm-none-eabi/lib/thumb/v7-m/nofp/libc_nano.a(lib_a-reent.o)
 .debug_info    0x0000000000019db7      0xdcc /usr/lib/gcc/arm-none-eabi/10.3.1/../../../arm-none-eabi/lib/thumb/v7-m/nofp/libc_nano.a(lib_a-signal.o)
 .debug_info    0x000000000001ab83      0x871 /usr/lib/gcc/arm-none-eabi/10.3.1/../../../arm-none-eabi/lib/thumb/v7-m/nofp/libc_nano.a(lib_a-signalr.o)
 .debug_info    0x000000000001b3f4      0xa1d /usr/lib/gcc/arm-none-eabi/10.3.1/../../../arm-none-eabi/lib/thumb/v7-m/nofp/libc_nano.a(lib_a-fstatr.o)
 .debug_info    0x000000000001be11      0x805 /usr/lib/gcc/arm-none-eabi/10.3.1/../../../arm-none-eabi/lib/thumb/v7-m/nofp/libc_nano.a(lib_a-isattyr.o)
 .debug_info    0x000000000001c616      0x840 /usr/lib/gcc/arm-none-eabi/10.3.1/../../../arm-none-eabi/lib/thumb/v7-m/nofp/libc_nano.a(lib_a-nano-msizer.o)
 .debug_info    0x000000000001ce56       0xb1 /usr/lib/gcc/arm-none-eabi/10.3.1/../../../arm-none-eabi/lib/thumb/v7-m/nofp/libnosys.a(close.o)
 .debug_info    0x000000000001cf07      0x2cc /usr/lib/gcc/arm-none-eabi/10.3.1/../../../arm-none-eabi/lib/thumb/v7-m/nofp/libnosys.a(fstat.o)
 .debug_info    0x000000000001d1d3       0x9c /usr/lib/gcc/arm-none-eabi/10.3.1/../../../arm-none-eabi/lib/thumb/v7-m/nofp/libnosys.a(getpid.o)
 .debug_info    0x000000000001d26f       0xb1 /usr/lib/gcc/arm-none-eabi/10.3.1/../../../arm-none-eabi/lib/thumb/v7-m/nofp/libnosys.a(isatty.o)
 .debug_info    0x000000000001d320       0xbf /usr/lib/gcc/arm-none-eabi/10.3.1/../../../arm-none-eabi/lib/thumb/v7-m/nofp/libnosys.a(kill.o)
 .debug_info    0x000000000001d3df       0xd3 /usr/lib/gcc/arm-none-eabi/10.3.1/../../../arm-none-eabi/lib/thumb/v7-m/nofp/libnosys.a(lseek.o)
 .debug_info    0x000000000001d4b2       0xd9 /usr/lib/gcc/arm-none-eabi/10.3.1/../../../arm-none-eabi/lib/thumb/v7-m/nofp/libnosys.a(read.o)
 .debug_info    0x000000000001d58b       0x9d /usr/lib/gcc/arm-none-eabi/10.3.1/../../../arm-none-eabi/lib/thumb/v7-m/nofp/libnosys.a(sbrk.o)
 .debug_info    0x000000000001d628       0xa3 /usr/lib/gcc/arm-none-eabi/10.3.1/../../../arm-none-eabi/lib/thumb/v7-m/nofp/libnosys.a(_exit.o)

.debug_abbrev   0x0000000000000000     0x6f8c
 .debug_abbrev  0x0000000000000000       0xc2 CMakeFiles/RE46C109_Programmer.elf.dir/src/main.c.obj
 .debug_abbrev  0x00000000000000c2       0xf3 CMakeFiles/RE46C109_Programmer.elf.dir/drivers/led_driver.c.obj
 .debug_abbrev  0x00000000000001b5       0xae CMakeFiles/RE46C109_Programmer.elf.dir/drivers/mamory.c.obj
 .debug_abbrev  0x0000000000000263      0x202 CMakeFiles/RE46C109_Programmer.elf.dir/drivers/RE46C109_drv.c.obj
 .debug_abbrev  0x0000000000000465       0xc6 CMakeFiles/RE46C109_Programmer.elf.dir/drivers/systick.c.obj
 .debug_abbrev  0x000000000000052b      0x12f CMakeFiles/RE46C109_Programmer.elf.dir/drivers/timer_drv.c.obj
 .debug_abbrev  0x000000000000065a      0x26a CMakeFiles/RE46C109_Programmer.elf.dir/drivers/uart_drv.c.obj
 .debug_abbrev  0x00000000000008c4      0x116 ../../libopencm3/lib/libopencm3_stm32l1.a(gpio_common_all.o)
 .debug_abbrev  0x00000000000009da       0xbf ../../libopencm3/lib/libopencm3_stm32l1.a(gpio_common_f0234.o)
 .debug_abbrev  0x0000000000000a99      0x2a7 ../../libopencm3/lib/libopencm3_stm32l1.a(rcc.o)
 .debug_abbrev  0x0000000000000d40      0x17c ../../libopencm3/lib/libopencm3_stm32l1.a(rcc_common_all.o)
 .debug_abbrev  0x0000000000000ebc      0x19e ../../libopencm3/lib/libopencm3_stm32l1.a(timer_common_all.o)
 .debug_abbrev  0x000000000000105a      0x16d ../../libopencm3/lib/libopencm3_stm32l1.a(usart_common_all.o)
 .debug_abbrev  0x00000000000011c7       0xb5 ../../libopencm3/lib/libopencm3_stm32l1.a(usart_common_f124.o)
 .debug_abbrev  0x000000000000127c      0x145 ../../libopencm3/lib/libopencm3_stm32l1.a(vector.o)
 .debug_abbrev  0x00000000000013c1       0xb5 ../../libopencm3/lib/libopencm3_stm32l1.a(nvic.o)
 .debug_abbrev  0x0000000000001476       0x56 ../../libopencm3/lib/libopencm3_stm32l1.a(flash.o)
 .debug_abbrev  0x00000000000014cc       0x97 ../../libopencm3/lib/libopencm3_stm32l1.a(flash_common_all.o)
 .debug_abbrev  0x0000000000001563       0x99 ../../libopencm3/lib/libopencm3_stm32l1.a(pwr_common_v2.o)
 .debug_abbrev  0x00000000000015fc      0x101 /usr/lib/gcc/arm-none-eabi/10.3.1/../../../arm-none-eabi/lib/thumb/v7-m/nofp/libm.a(lib_a-w_pow.o)
 .debug_abbrev  0x00000000000016fd      0x1f6 /usr/lib/gcc/arm-none-eabi/10.3.1/../../../arm-none-eabi/lib/thumb/v7-m/nofp/libm.a(lib_a-e_pow.o)
 .debug_abbrev  0x00000000000018f3      0x155 /usr/lib/gcc/arm-none-eabi/10.3.1/../../../arm-none-eabi/lib/thumb/v7-m/nofp/libm.a(lib_a-e_sqrt.o)
 .debug_abbrev  0x0000000000001a48       0xe6 /usr/lib/gcc/arm-none-eabi/10.3.1/../../../arm-none-eabi/lib/thumb/v7-m/nofp/libm.a(lib_a-s_fabs.o)
 .debug_abbrev  0x0000000000001b2e       0xdd /usr/lib/gcc/arm-none-eabi/10.3.1/../../../arm-none-eabi/lib/thumb/v7-m/nofp/libm.a(lib_a-s_finite.o)
 .debug_abbrev  0x0000000000001c0b       0x6f /usr/lib/gcc/arm-none-eabi/10.3.1/../../../arm-none-eabi/lib/thumb/v7-m/nofp/libm.a(lib_a-s_lib_ver.o)
 .debug_abbrev  0x0000000000001c7a       0x7b /usr/lib/gcc/arm-none-eabi/10.3.1/../../../arm-none-eabi/lib/thumb/v7-m/nofp/libm.a(lib_a-s_nan.o)
 .debug_abbrev  0x0000000000001cf5      0x15d /usr/lib/gcc/arm-none-eabi/10.3.1/../../../arm-none-eabi/lib/thumb/v7-m/nofp/libm.a(lib_a-s_rint.o)
 .debug_abbrev  0x0000000000001e52      0x142 /usr/lib/gcc/arm-none-eabi/10.3.1/../../../arm-none-eabi/lib/thumb/v7-m/nofp/libm.a(lib_a-s_scalbn.o)
 .debug_abbrev  0x0000000000001f94       0x14 /usr/lib/gcc/arm-none-eabi/10.3.1/thumb/v7-m/nofp/libgcc.a(_arm_addsubdf3.o)
 .debug_abbrev  0x0000000000001fa8       0x14 /usr/lib/gcc/arm-none-eabi/10.3.1/thumb/v7-m/nofp/libgcc.a(_arm_muldivdf3.o)
 .debug_abbrev  0x0000000000001fbc       0x14 /usr/lib/gcc/arm-none-eabi/10.3.1/thumb/v7-m/nofp/libgcc.a(_arm_cmpdf2.o)
 .debug_abbrev  0x0000000000001fd0       0x14 /usr/lib/gcc/arm-none-eabi/10.3.1/thumb/v7-m/nofp/libgcc.a(_arm_unorddf2.o)
 .debug_abbrev  0x0000000000001fe4      0x187 /usr/lib/gcc/arm-none-eabi/10.3.1/../../../arm-none-eabi/lib/thumb/v7-m/nofp/libc_nano.a(lib_a-atoi.o)
 .debug_abbrev  0x000000000000216b      0x157 /usr/lib/gcc/arm-none-eabi/10.3.1/../../../arm-none-eabi/lib/thumb/v7-m/nofp/libc_nano.a(lib_a-errno.o)
 .debug_abbrev  0x00000000000022c2      0x151 /usr/lib/gcc/arm-none-eabi/10.3.1/../../../arm-none-eabi/lib/thumb/v7-m/nofp/libc_nano.a(lib_a-impure.o)
 .debug_abbrev  0x0000000000002413      0x23e /usr/lib/gcc/arm-none-eabi/10.3.1/../../../arm-none-eabi/lib/thumb/v7-m/nofp/libc_nano.a(lib_a-printf.o)
 .debug_abbrev  0x0000000000002651       0xb1 /usr/lib/gcc/arm-none-eabi/10.3.1/../../../arm-none-eabi/lib/thumb/v7-m/nofp/libc_nano.a(lib_a-strcasecmp.o)
 .debug_abbrev  0x0000000000002702      0x219 /usr/lib/gcc/arm-none-eabi/10.3.1/../../../arm-none-eabi/lib/thumb/v7-m/nofp/libc_nano.a(lib_a-strtok.o)
 .debug_abbrev  0x000000000000291b      0x112 /usr/lib/gcc/arm-none-eabi/10.3.1/../../../arm-none-eabi/lib/thumb/v7-m/nofp/libc_nano.a(lib_a-strtok_r.o)
 .debug_abbrev  0x0000000000002a2d      0x2cf /usr/lib/gcc/arm-none-eabi/10.3.1/../../../arm-none-eabi/lib/thumb/v7-m/nofp/libc_nano.a(lib_a-strtol.o)
 .debug_abbrev  0x0000000000002cfc      0x1c3 /usr/lib/gcc/arm-none-eabi/10.3.1/../../../arm-none-eabi/lib/thumb/v7-m/nofp/libc_nano.a(lib_a-assert.o)
 .debug_abbrev  0x0000000000002ebf       0x62 /usr/lib/gcc/arm-none-eabi/10.3.1/../../../arm-none-eabi/lib/thumb/v7-m/nofp/libc_nano.a(lib_a-ctype_.o)
 .debug_abbrev  0x0000000000002f21      0x3cd /usr/lib/gcc/arm-none-eabi/10.3.1/../../../arm-none-eabi/lib/thumb/v7-m/nofp/libc_nano.a(lib_a-findfp.o)
 .debug_abbrev  0x00000000000032ee      0x213 /usr/lib/gcc/arm-none-eabi/10.3.1/../../../arm-none-eabi/lib/thumb/v7-m/nofp/libc_nano.a(lib_a-fprintf.o)
 .debug_abbrev  0x0000000000003501      0x197 /usr/lib/gcc/arm-none-eabi/10.3.1/../../../arm-none-eabi/lib/thumb/v7-m/nofp/libc_nano.a(lib_a-fwalk.o)
 .debug_abbrev  0x0000000000003698      0x1b6 /usr/lib/gcc/arm-none-eabi/10.3.1/../../../arm-none-eabi/lib/thumb/v7-m/nofp/libc_nano.a(lib_a-malloc.o)
 .debug_abbrev  0x000000000000384e       0xb4 /usr/lib/gcc/arm-none-eabi/10.3.1/../../../arm-none-eabi/lib/thumb/v7-m/nofp/libc_nano.a(lib_a-memset.o)
 .debug_abbrev  0x0000000000003902      0x245 /usr/lib/gcc/arm-none-eabi/10.3.1/../../../arm-none-eabi/lib/thumb/v7-m/nofp/libc_nano.a(lib_a-nano-freer.o)
 .debug_abbrev  0x0000000000003b47      0x290 /usr/lib/gcc/arm-none-eabi/10.3.1/../../../arm-none-eabi/lib/thumb/v7-m/nofp/libc_nano.a(lib_a-nano-mallocr.o)
 .debug_abbrev  0x0000000000003dd7      0x358 /usr/lib/gcc/arm-none-eabi/10.3.1/../../../arm-none-eabi/lib/thumb/v7-m/nofp/libc_nano.a(lib_a-nano-vfprintf.o)
 .debug_abbrev  0x000000000000412f      0x25c /usr/lib/gcc/arm-none-eabi/10.3.1/../../../arm-none-eabi/lib/thumb/v7-m/nofp/libc_nano.a(lib_a-nano-vfprintf_i.o)
 .debug_abbrev  0x000000000000438b      0x1d6 /usr/lib/gcc/arm-none-eabi/10.3.1/../../../arm-none-eabi/lib/thumb/v7-m/nofp/libc_nano.a(lib_a-sbrkr.o)
 .debug_abbrev  0x0000000000004561      0x1fb /usr/lib/gcc/arm-none-eabi/10.3.1/../../../arm-none-eabi/lib/thumb/v7-m/nofp/libc_nano.a(lib_a-stdio.o)
 .debug_abbrev  0x000000000000475c      0x21f /usr/lib/gcc/arm-none-eabi/10.3.1/../../../arm-none-eabi/lib/thumb/v7-m/nofp/libc_nano.a(lib_a-wbuf.o)
 .debug_abbrev  0x000000000000497b      0x1b0 /usr/lib/gcc/arm-none-eabi/10.3.1/../../../arm-none-eabi/lib/thumb/v7-m/nofp/libc_nano.a(lib_a-writer.o)
 .debug_abbrev  0x0000000000004b2b      0x1d4 /usr/lib/gcc/arm-none-eabi/10.3.1/../../../arm-none-eabi/lib/thumb/v7-m/nofp/libc_nano.a(lib_a-wsetup.o)
 .debug_abbrev  0x0000000000004cff       0x80 /usr/lib/gcc/arm-none-eabi/10.3.1/../../../arm-none-eabi/lib/thumb/v7-m/nofp/libc_nano.a(lib_a-abort.o)
 .debug_abbrev  0x0000000000004d7f      0x1ab /usr/lib/gcc/arm-none-eabi/10.3.1/../../../arm-none-eabi/lib/thumb/v7-m/nofp/libc_nano.a(lib_a-closer.o)
 .debug_abbrev  0x0000000000004f2a      0x2da /usr/lib/gcc/arm-none-eabi/10.3.1/../../../arm-none-eabi/lib/thumb/v7-m/nofp/libc_nano.a(lib_a-fflush.o)
 .debug_abbrev  0x0000000000005204      0x1f4 /usr/lib/gcc/arm-none-eabi/10.3.1/../../../arm-none-eabi/lib/thumb/v7-m/nofp/libc_nano.a(lib_a-fvwrite.o)
 .debug_abbrev  0x00000000000053f8      0x1bf /usr/lib/gcc/arm-none-eabi/10.3.1/../../../arm-none-eabi/lib/thumb/v7-m/nofp/libc_nano.a(lib_a-lseekr.o)
 .debug_abbrev  0x00000000000055b7      0x278 /usr/lib/gcc/arm-none-eabi/10.3.1/../../../arm-none-eabi/lib/thumb/v7-m/nofp/libc_nano.a(lib_a-makebuf.o)
 .debug_abbrev  0x000000000000582f       0xd4 /usr/lib/gcc/arm-none-eabi/10.3.1/../../../arm-none-eabi/lib/thumb/v7-m/nofp/libc_nano.a(lib_a-memchr-stub.o)
 .debug_abbrev  0x0000000000005903       0x14 /usr/lib/gcc/arm-none-eabi/10.3.1/../../../arm-none-eabi/lib/thumb/v7-m/nofp/libc_nano.a(lib_a-memcpy.o)
 .debug_abbrev  0x0000000000005917       0xc0 /usr/lib/gcc/arm-none-eabi/10.3.1/../../../arm-none-eabi/lib/thumb/v7-m/nofp/libc_nano.a(lib_a-memmove.o)
 .debug_abbrev  0x00000000000059d7      0x189 /usr/lib/gcc/arm-none-eabi/10.3.1/../../../arm-none-eabi/lib/thumb/v7-m/nofp/libc_nano.a(lib_a-mlock.o)
 .debug_abbrev  0x0000000000005b60      0x1d6 /usr/lib/gcc/arm-none-eabi/10.3.1/../../../arm-none-eabi/lib/thumb/v7-m/nofp/libc_nano.a(lib_a-nano-reallocr.o)
 .debug_abbrev  0x0000000000005d36      0x1ab /usr/lib/gcc/arm-none-eabi/10.3.1/../../../arm-none-eabi/lib/thumb/v7-m/nofp/libc_nano.a(lib_a-readr.o)
 .debug_abbrev  0x0000000000005ee1      0x265 /usr/lib/gcc/arm-none-eabi/10.3.1/../../../arm-none-eabi/lib/thumb/v7-m/nofp/libc_nano.a(lib_a-reent.o)
 .debug_abbrev  0x0000000000006146      0x2ba /usr/lib/gcc/arm-none-eabi/10.3.1/../../../arm-none-eabi/lib/thumb/v7-m/nofp/libc_nano.a(lib_a-signal.o)
 .debug_abbrev  0x0000000000006400      0x1db /usr/lib/gcc/arm-none-eabi/10.3.1/../../../arm-none-eabi/lib/thumb/v7-m/nofp/libc_nano.a(lib_a-signalr.o)
 .debug_abbrev  0x00000000000065db      0x1bf /usr/lib/gcc/arm-none-eabi/10.3.1/../../../arm-none-eabi/lib/thumb/v7-m/nofp/libc_nano.a(lib_a-fstatr.o)
 .debug_abbrev  0x000000000000679a      0x1ab /usr/lib/gcc/arm-none-eabi/10.3.1/../../../arm-none-eabi/lib/thumb/v7-m/nofp/libc_nano.a(lib_a-isattyr.o)
 .debug_abbrev  0x0000000000006945      0x191 /usr/lib/gcc/arm-none-eabi/10.3.1/../../../arm-none-eabi/lib/thumb/v7-m/nofp/libc_nano.a(lib_a-nano-msizer.o)
 .debug_abbrev  0x0000000000006ad6       0x6d /usr/lib/gcc/arm-none-eabi/10.3.1/../../../arm-none-eabi/lib/thumb/v7-m/nofp/libnosys.a(close.o)
 .debug_abbrev  0x0000000000006b43       0xcc /usr/lib/gcc/arm-none-eabi/10.3.1/../../../arm-none-eabi/lib/thumb/v7-m/nofp/libnosys.a(fstat.o)
 .debug_abbrev  0x0000000000006c0f       0x59 /usr/lib/gcc/arm-none-eabi/10.3.1/../../../arm-none-eabi/lib/thumb/v7-m/nofp/libnosys.a(getpid.o)
 .debug_abbrev  0x0000000000006c68       0x6d /usr/lib/gcc/arm-none-eabi/10.3.1/../../../arm-none-eabi/lib/thumb/v7-m/nofp/libnosys.a(isatty.o)
 .debug_abbrev  0x0000000000006cd5       0x7e /usr/lib/gcc/arm-none-eabi/10.3.1/../../../arm-none-eabi/lib/thumb/v7-m/nofp/libnosys.a(kill.o)
 .debug_abbrev  0x0000000000006d53       0x92 /usr/lib/gcc/arm-none-eabi/10.3.1/../../../arm-none-eabi/lib/thumb/v7-m/nofp/libnosys.a(lseek.o)
 .debug_abbrev  0x0000000000006de5       0x9b /usr/lib/gcc/arm-none-eabi/10.3.1/../../../arm-none-eabi/lib/thumb/v7-m/nofp/libnosys.a(read.o)
 .debug_abbrev  0x0000000000006e80       0xa2 /usr/lib/gcc/arm-none-eabi/10.3.1/../../../arm-none-eabi/lib/thumb/v7-m/nofp/libnosys.a(sbrk.o)
 .debug_abbrev  0x0000000000006f22       0x6a /usr/lib/gcc/arm-none-eabi/10.3.1/../../../arm-none-eabi/lib/thumb/v7-m/nofp/libnosys.a(_exit.o)

.debug_aranges  0x0000000000000000     0x1048
 .debug_aranges
                0x0000000000000000       0x20 CMakeFiles/RE46C109_Programmer.elf.dir/src/main.c.obj
 .debug_aranges
                0x0000000000000020       0x30 CMakeFiles/RE46C109_Programmer.elf.dir/drivers/led_driver.c.obj
 .debug_aranges
                0x0000000000000050       0x28 CMakeFiles/RE46C109_Programmer.elf.dir/drivers/mamory.c.obj
 .debug_aranges
                0x0000000000000078       0x98 CMakeFiles/RE46C109_Programmer.elf.dir/drivers/RE46C109_drv.c.obj
 .debug_aranges
                0x0000000000000110       0x30 CMakeFiles/RE46C109_Programmer.elf.dir/drivers/systick.c.obj
 .debug_aranges
                0x0000000000000140       0x38 CMakeFiles/RE46C109_Programmer.elf.dir/drivers/timer_drv.c.obj
 .debug_aranges
                0x0000000000000178       0x50 CMakeFiles/RE46C109_Programmer.elf.dir/drivers/uart_drv.c.obj
 .debug_aranges
                0x00000000000001c8       0x50 ../../libopencm3/lib/libopencm3_stm32l1.a(gpio_common_all.o)
 .debug_aranges
                0x0000000000000218       0x30 ../../libopencm3/lib/libopencm3_stm32l1.a(gpio_common_f0234.o)
 .debug_aranges
                0x0000000000000248      0x108 ../../libopencm3/lib/libopencm3_stm32l1.a(rcc.o)
 .debug_aranges
                0x0000000000000350       0x60 ../../libopencm3/lib/libopencm3_stm32l1.a(rcc_common_all.o)
 .debug_aranges
                0x00000000000003b0      0x270 ../../libopencm3/lib/libopencm3_stm32l1.a(timer_common_all.o)
 .debug_aranges
                0x0000000000000620       0xf0 ../../libopencm3/lib/libopencm3_stm32l1.a(usart_common_all.o)
 .debug_aranges
                0x0000000000000710       0x40 ../../libopencm3/lib/libopencm3_stm32l1.a(usart_common_f124.o)
 .debug_aranges
                0x0000000000000750       0x30 ../../libopencm3/lib/libopencm3_stm32l1.a(vector.o)
 .debug_aranges
                0x0000000000000780       0x60 ../../libopencm3/lib/libopencm3_stm32l1.a(nvic.o)
 .debug_aranges
                0x00000000000007e0       0x28 ../../libopencm3/lib/libopencm3_stm32l1.a(flash.o)
 .debug_aranges
                0x0000000000000808       0x38 ../../libopencm3/lib/libopencm3_stm32l1.a(flash_common_all.o)
 .debug_aranges
                0x0000000000000840       0x20 ../../libopencm3/lib/libopencm3_stm32l1.a(pwr_common_v2.o)
 .debug_aranges
                0x0000000000000860       0x20 /usr/lib/gcc/arm-none-eabi/10.3.1/../../../arm-none-eabi/lib/thumb/v7-m/nofp/libm.a(lib_a-w_pow.o)
 .debug_aranges
                0x0000000000000880       0x20 /usr/lib/gcc/arm-none-eabi/10.3.1/../../../arm-none-eabi/lib/thumb/v7-m/nofp/libm.a(lib_a-e_pow.o)
 .debug_aranges
                0x00000000000008a0       0x20 /usr/lib/gcc/arm-none-eabi/10.3.1/../../../arm-none-eabi/lib/thumb/v7-m/nofp/libm.a(lib_a-e_sqrt.o)
 .debug_aranges
                0x00000000000008c0       0x20 /usr/lib/gcc/arm-none-eabi/10.3.1/../../../arm-none-eabi/lib/thumb/v7-m/nofp/libm.a(lib_a-s_fabs.o)
 .debug_aranges
                0x00000000000008e0       0x20 /usr/lib/gcc/arm-none-eabi/10.3.1/../../../arm-none-eabi/lib/thumb/v7-m/nofp/libm.a(lib_a-s_finite.o)
 .debug_aranges
                0x0000000000000900       0x18 /usr/lib/gcc/arm-none-eabi/10.3.1/../../../arm-none-eabi/lib/thumb/v7-m/nofp/libm.a(lib_a-s_lib_ver.o)
 .debug_aranges
                0x0000000000000918       0x20 /usr/lib/gcc/arm-none-eabi/10.3.1/../../../arm-none-eabi/lib/thumb/v7-m/nofp/libm.a(lib_a-s_nan.o)
 .debug_aranges
                0x0000000000000938       0x20 /usr/lib/gcc/arm-none-eabi/10.3.1/../../../arm-none-eabi/lib/thumb/v7-m/nofp/libm.a(lib_a-s_rint.o)
 .debug_aranges
                0x0000000000000958       0x20 /usr/lib/gcc/arm-none-eabi/10.3.1/../../../arm-none-eabi/lib/thumb/v7-m/nofp/libm.a(lib_a-s_scalbn.o)
 .debug_aranges
                0x0000000000000978       0x20 /usr/lib/gcc/arm-none-eabi/10.3.1/thumb/v7-m/nofp/libgcc.a(_arm_addsubdf3.o)
 .debug_aranges
                0x0000000000000998       0x20 /usr/lib/gcc/arm-none-eabi/10.3.1/thumb/v7-m/nofp/libgcc.a(_arm_muldivdf3.o)
 .debug_aranges
                0x00000000000009b8       0x20 /usr/lib/gcc/arm-none-eabi/10.3.1/thumb/v7-m/nofp/libgcc.a(_arm_cmpdf2.o)
 .debug_aranges
                0x00000000000009d8       0x20 /usr/lib/gcc/arm-none-eabi/10.3.1/thumb/v7-m/nofp/libgcc.a(_arm_unorddf2.o)
 .debug_aranges
                0x00000000000009f8       0x20 /usr/lib/gcc/arm-none-eabi/10.3.1/../../../arm-none-eabi/lib/thumb/v7-m/nofp/libc_nano.a(lib_a-atoi.o)
 .debug_aranges
                0x0000000000000a18       0x20 /usr/lib/gcc/arm-none-eabi/10.3.1/../../../arm-none-eabi/lib/thumb/v7-m/nofp/libc_nano.a(lib_a-errno.o)
 .debug_aranges
                0x0000000000000a38       0x18 /usr/lib/gcc/arm-none-eabi/10.3.1/../../../arm-none-eabi/lib/thumb/v7-m/nofp/libc_nano.a(lib_a-impure.o)
 .debug_aranges
                0x0000000000000a50       0x20 /usr/lib/gcc/arm-none-eabi/10.3.1/../../../arm-none-eabi/lib/thumb/v7-m/nofp/libc_nano.a(lib_a-printf.o)
 .debug_aranges
                0x0000000000000a70       0x20 /usr/lib/gcc/arm-none-eabi/10.3.1/../../../arm-none-eabi/lib/thumb/v7-m/nofp/libc_nano.a(lib_a-strcasecmp.o)
 .debug_aranges
                0x0000000000000a90       0x20 /usr/lib/gcc/arm-none-eabi/10.3.1/../../../arm-none-eabi/lib/thumb/v7-m/nofp/libc_nano.a(lib_a-strtok.o)
 .debug_aranges
                0x0000000000000ab0       0x20 /usr/lib/gcc/arm-none-eabi/10.3.1/../../../arm-none-eabi/lib/thumb/v7-m/nofp/libc_nano.a(lib_a-strtok_r.o)
 .debug_aranges
                0x0000000000000ad0       0x20 /usr/lib/gcc/arm-none-eabi/10.3.1/../../../arm-none-eabi/lib/thumb/v7-m/nofp/libc_nano.a(lib_a-strtol.o)
 .debug_aranges
                0x0000000000000af0       0x20 /usr/lib/gcc/arm-none-eabi/10.3.1/../../../arm-none-eabi/lib/thumb/v7-m/nofp/libc_nano.a(lib_a-assert.o)
 .debug_aranges
                0x0000000000000b10       0x18 /usr/lib/gcc/arm-none-eabi/10.3.1/../../../arm-none-eabi/lib/thumb/v7-m/nofp/libc_nano.a(lib_a-ctype_.o)
 .debug_aranges
                0x0000000000000b28       0x20 /usr/lib/gcc/arm-none-eabi/10.3.1/../../../arm-none-eabi/lib/thumb/v7-m/nofp/libc_nano.a(lib_a-findfp.o)
 .debug_aranges
                0x0000000000000b48       0x20 /usr/lib/gcc/arm-none-eabi/10.3.1/../../../arm-none-eabi/lib/thumb/v7-m/nofp/libc_nano.a(lib_a-fprintf.o)
 .debug_aranges
                0x0000000000000b68       0x20 /usr/lib/gcc/arm-none-eabi/10.3.1/../../../arm-none-eabi/lib/thumb/v7-m/nofp/libc_nano.a(lib_a-fwalk.o)
 .debug_aranges
                0x0000000000000b88       0x20 /usr/lib/gcc/arm-none-eabi/10.3.1/../../../arm-none-eabi/lib/thumb/v7-m/nofp/libc_nano.a(lib_a-malloc.o)
 .debug_aranges
                0x0000000000000ba8       0x20 /usr/lib/gcc/arm-none-eabi/10.3.1/../../../arm-none-eabi/lib/thumb/v7-m/nofp/libc_nano.a(lib_a-memset.o)
 .debug_aranges
                0x0000000000000bc8       0x20 /usr/lib/gcc/arm-none-eabi/10.3.1/../../../arm-none-eabi/lib/thumb/v7-m/nofp/libc_nano.a(lib_a-nano-freer.o)
 .debug_aranges
                0x0000000000000be8       0x20 /usr/lib/gcc/arm-none-eabi/10.3.1/../../../arm-none-eabi/lib/thumb/v7-m/nofp/libc_nano.a(lib_a-nano-mallocr.o)
 .debug_aranges
                0x0000000000000c08       0x20 /usr/lib/gcc/arm-none-eabi/10.3.1/../../../arm-none-eabi/lib/thumb/v7-m/nofp/libc_nano.a(lib_a-nano-vfprintf.o)
 .debug_aranges
                0x0000000000000c28       0x20 /usr/lib/gcc/arm-none-eabi/10.3.1/../../../arm-none-eabi/lib/thumb/v7-m/nofp/libc_nano.a(lib_a-nano-vfprintf_i.o)
 .debug_aranges
                0x0000000000000c48       0x20 /usr/lib/gcc/arm-none-eabi/10.3.1/../../../arm-none-eabi/lib/thumb/v7-m/nofp/libc_nano.a(lib_a-sbrkr.o)
 .debug_aranges
                0x0000000000000c68       0x20 /usr/lib/gcc/arm-none-eabi/10.3.1/../../../arm-none-eabi/lib/thumb/v7-m/nofp/libc_nano.a(lib_a-stdio.o)
 .debug_aranges
                0x0000000000000c88       0x20 /usr/lib/gcc/arm-none-eabi/10.3.1/../../../arm-none-eabi/lib/thumb/v7-m/nofp/libc_nano.a(lib_a-wbuf.o)
 .debug_aranges
                0x0000000000000ca8       0x20 /usr/lib/gcc/arm-none-eabi/10.3.1/../../../arm-none-eabi/lib/thumb/v7-m/nofp/libc_nano.a(lib_a-writer.o)
 .debug_aranges
                0x0000000000000cc8       0x20 /usr/lib/gcc/arm-none-eabi/10.3.1/../../../arm-none-eabi/lib/thumb/v7-m/nofp/libc_nano.a(lib_a-wsetup.o)
 .debug_aranges
                0x0000000000000ce8       0x20 /usr/lib/gcc/arm-none-eabi/10.3.1/../../../arm-none-eabi/lib/thumb/v7-m/nofp/libc_nano.a(lib_a-abort.o)
 .debug_aranges
                0x0000000000000d08       0x20 /usr/lib/gcc/arm-none-eabi/10.3.1/../../../arm-none-eabi/lib/thumb/v7-m/nofp/libc_nano.a(lib_a-closer.o)
 .debug_aranges
                0x0000000000000d28       0x20 /usr/lib/gcc/arm-none-eabi/10.3.1/../../../arm-none-eabi/lib/thumb/v7-m/nofp/libc_nano.a(lib_a-fflush.o)
 .debug_aranges
                0x0000000000000d48       0x20 /usr/lib/gcc/arm-none-eabi/10.3.1/../../../arm-none-eabi/lib/thumb/v7-m/nofp/libc_nano.a(lib_a-fvwrite.o)
 .debug_aranges
                0x0000000000000d68       0x20 /usr/lib/gcc/arm-none-eabi/10.3.1/../../../arm-none-eabi/lib/thumb/v7-m/nofp/libc_nano.a(lib_a-lseekr.o)
 .debug_aranges
                0x0000000000000d88       0x20 /usr/lib/gcc/arm-none-eabi/10.3.1/../../../arm-none-eabi/lib/thumb/v7-m/nofp/libc_nano.a(lib_a-makebuf.o)
 .debug_aranges
                0x0000000000000da8       0x20 /usr/lib/gcc/arm-none-eabi/10.3.1/../../../arm-none-eabi/lib/thumb/v7-m/nofp/libc_nano.a(lib_a-memchr-stub.o)
 .debug_aranges
                0x0000000000000dc8       0x20 /usr/lib/gcc/arm-none-eabi/10.3.1/../../../arm-none-eabi/lib/thumb/v7-m/nofp/libc_nano.a(lib_a-memcpy.o)
 .debug_aranges
                0x0000000000000de8       0x20 /usr/lib/gcc/arm-none-eabi/10.3.1/../../../arm-none-eabi/lib/thumb/v7-m/nofp/libc_nano.a(lib_a-memmove.o)
 .debug_aranges
                0x0000000000000e08       0x20 /usr/lib/gcc/arm-none-eabi/10.3.1/../../../arm-none-eabi/lib/thumb/v7-m/nofp/libc_nano.a(lib_a-mlock.o)
 .debug_aranges
                0x0000000000000e28       0x20 /usr/lib/gcc/arm-none-eabi/10.3.1/../../../arm-none-eabi/lib/thumb/v7-m/nofp/libc_nano.a(lib_a-nano-reallocr.o)
 .debug_aranges
                0x0000000000000e48       0x20 /usr/lib/gcc/arm-none-eabi/10.3.1/../../../arm-none-eabi/lib/thumb/v7-m/nofp/libc_nano.a(lib_a-readr.o)
 .debug_aranges
                0x0000000000000e68       0x20 /usr/lib/gcc/arm-none-eabi/10.3.1/../../../arm-none-eabi/lib/thumb/v7-m/nofp/libc_nano.a(lib_a-reent.o)
 .debug_aranges
                0x0000000000000e88       0x20 /usr/lib/gcc/arm-none-eabi/10.3.1/../../../arm-none-eabi/lib/thumb/v7-m/nofp/libc_nano.a(lib_a-signal.o)
 .debug_aranges
                0x0000000000000ea8       0x20 /usr/lib/gcc/arm-none-eabi/10.3.1/../../../arm-none-eabi/lib/thumb/v7-m/nofp/libc_nano.a(lib_a-signalr.o)
 .debug_aranges
                0x0000000000000ec8       0x20 /usr/lib/gcc/arm-none-eabi/10.3.1/../../../arm-none-eabi/lib/thumb/v7-m/nofp/libc_nano.a(lib_a-fstatr.o)
 .debug_aranges
                0x0000000000000ee8       0x20 /usr/lib/gcc/arm-none-eabi/10.3.1/../../../arm-none-eabi/lib/thumb/v7-m/nofp/libc_nano.a(lib_a-isattyr.o)
 .debug_aranges
                0x0000000000000f08       0x20 /usr/lib/gcc/arm-none-eabi/10.3.1/../../../arm-none-eabi/lib/thumb/v7-m/nofp/libc_nano.a(lib_a-nano-msizer.o)
 .debug_aranges
                0x0000000000000f28       0x20 /usr/lib/gcc/arm-none-eabi/10.3.1/../../../arm-none-eabi/lib/thumb/v7-m/nofp/libnosys.a(close.o)
 .debug_aranges
                0x0000000000000f48       0x20 /usr/lib/gcc/arm-none-eabi/10.3.1/../../../arm-none-eabi/lib/thumb/v7-m/nofp/libnosys.a(fstat.o)
 .debug_aranges
                0x0000000000000f68       0x20 /usr/lib/gcc/arm-none-eabi/10.3.1/../../../arm-none-eabi/lib/thumb/v7-m/nofp/libnosys.a(getpid.o)
 .debug_aranges
                0x0000000000000f88       0x20 /usr/lib/gcc/arm-none-eabi/10.3.1/../../../arm-none-eabi/lib/thumb/v7-m/nofp/libnosys.a(isatty.o)
 .debug_aranges
                0x0000000000000fa8       0x20 /usr/lib/gcc/arm-none-eabi/10.3.1/../../../arm-none-eabi/lib/thumb/v7-m/nofp/libnosys.a(kill.o)
 .debug_aranges
                0x0000000000000fc8       0x20 /usr/lib/gcc/arm-none-eabi/10.3.1/../../../arm-none-eabi/lib/thumb/v7-m/nofp/libnosys.a(lseek.o)
 .debug_aranges
                0x0000000000000fe8       0x20 /usr/lib/gcc/arm-none-eabi/10.3.1/../../../arm-none-eabi/lib/thumb/v7-m/nofp/libnosys.a(read.o)
 .debug_aranges
                0x0000000000001008       0x20 /usr/lib/gcc/arm-none-eabi/10.3.1/../../../arm-none-eabi/lib/thumb/v7-m/nofp/libnosys.a(sbrk.o)
 .debug_aranges
                0x0000000000001028       0x20 /usr/lib/gcc/arm-none-eabi/10.3.1/../../../arm-none-eabi/lib/thumb/v7-m/nofp/libnosys.a(_exit.o)

.debug_ranges   0x0000000000000000     0x1018
 .debug_ranges  0x0000000000000000       0x10 CMakeFiles/RE46C109_Programmer.elf.dir/src/main.c.obj
 .debug_ranges  0x0000000000000010       0x20 CMakeFiles/RE46C109_Programmer.elf.dir/drivers/led_driver.c.obj
 .debug_ranges  0x0000000000000030       0x18 CMakeFiles/RE46C109_Programmer.elf.dir/drivers/mamory.c.obj
 .debug_ranges  0x0000000000000048       0x88 CMakeFiles/RE46C109_Programmer.elf.dir/drivers/RE46C109_drv.c.obj
 .debug_ranges  0x00000000000000d0       0x20 CMakeFiles/RE46C109_Programmer.elf.dir/drivers/systick.c.obj
 .debug_ranges  0x00000000000000f0       0x28 CMakeFiles/RE46C109_Programmer.elf.dir/drivers/timer_drv.c.obj
 .debug_ranges  0x0000000000000118       0x40 CMakeFiles/RE46C109_Programmer.elf.dir/drivers/uart_drv.c.obj
 .debug_ranges  0x0000000000000158       0x40 ../../libopencm3/lib/libopencm3_stm32l1.a(gpio_common_all.o)
 .debug_ranges  0x0000000000000198       0x20 ../../libopencm3/lib/libopencm3_stm32l1.a(gpio_common_f0234.o)
 .debug_ranges  0x00000000000001b8      0x128 ../../libopencm3/lib/libopencm3_stm32l1.a(rcc.o)
 .debug_ranges  0x00000000000002e0       0x50 ../../libopencm3/lib/libopencm3_stm32l1.a(rcc_common_all.o)
 .debug_ranges  0x0000000000000330      0x260 ../../libopencm3/lib/libopencm3_stm32l1.a(timer_common_all.o)
 .debug_ranges  0x0000000000000590       0xe0 ../../libopencm3/lib/libopencm3_stm32l1.a(usart_common_all.o)
 .debug_ranges  0x0000000000000670       0x30 ../../libopencm3/lib/libopencm3_stm32l1.a(usart_common_f124.o)
 .debug_ranges  0x00000000000006a0       0x20 ../../libopencm3/lib/libopencm3_stm32l1.a(vector.o)
 .debug_ranges  0x00000000000006c0       0x50 ../../libopencm3/lib/libopencm3_stm32l1.a(nvic.o)
 .debug_ranges  0x0000000000000710       0x18 ../../libopencm3/lib/libopencm3_stm32l1.a(flash.o)
 .debug_ranges  0x0000000000000728       0x28 ../../libopencm3/lib/libopencm3_stm32l1.a(flash_common_all.o)
 .debug_ranges  0x0000000000000750       0x10 ../../libopencm3/lib/libopencm3_stm32l1.a(pwr_common_v2.o)
 .debug_ranges  0x0000000000000760      0x1b0 /usr/lib/gcc/arm-none-eabi/10.3.1/../../../arm-none-eabi/lib/thumb/v7-m/nofp/libm.a(lib_a-e_pow.o)
 .debug_ranges  0x0000000000000910       0x18 /usr/lib/gcc/arm-none-eabi/10.3.1/../../../arm-none-eabi/lib/thumb/v7-m/nofp/libm.a(lib_a-e_sqrt.o)
 .debug_ranges  0x0000000000000928       0x70 /usr/lib/gcc/arm-none-eabi/10.3.1/../../../arm-none-eabi/lib/thumb/v7-m/nofp/libm.a(lib_a-s_rint.o)
 .debug_ranges  0x0000000000000998       0x58 /usr/lib/gcc/arm-none-eabi/10.3.1/../../../arm-none-eabi/lib/thumb/v7-m/nofp/libm.a(lib_a-s_scalbn.o)
 .debug_ranges  0x00000000000009f0       0x60 /usr/lib/gcc/arm-none-eabi/10.3.1/../../../arm-none-eabi/lib/thumb/v7-m/nofp/libc_nano.a(lib_a-strcasecmp.o)
 .debug_ranges  0x0000000000000a50       0x30 /usr/lib/gcc/arm-none-eabi/10.3.1/../../../arm-none-eabi/lib/thumb/v7-m/nofp/libc_nano.a(lib_a-strtok.o)
 .debug_ranges  0x0000000000000a80       0x68 /usr/lib/gcc/arm-none-eabi/10.3.1/../../../arm-none-eabi/lib/thumb/v7-m/nofp/libc_nano.a(lib_a-strtol.o)
 .debug_ranges  0x0000000000000ae8      0x140 /usr/lib/gcc/arm-none-eabi/10.3.1/../../../arm-none-eabi/lib/thumb/v7-m/nofp/libc_nano.a(lib_a-findfp.o)
 .debug_ranges  0x0000000000000c28       0x18 /usr/lib/gcc/arm-none-eabi/10.3.1/../../../arm-none-eabi/lib/thumb/v7-m/nofp/libc_nano.a(lib_a-nano-freer.o)
 .debug_ranges  0x0000000000000c40       0x38 /usr/lib/gcc/arm-none-eabi/10.3.1/../../../arm-none-eabi/lib/thumb/v7-m/nofp/libc_nano.a(lib_a-nano-mallocr.o)
 .debug_ranges  0x0000000000000c78       0x48 /usr/lib/gcc/arm-none-eabi/10.3.1/../../../arm-none-eabi/lib/thumb/v7-m/nofp/libc_nano.a(lib_a-nano-vfprintf.o)
 .debug_ranges  0x0000000000000cc0       0xa8 /usr/lib/gcc/arm-none-eabi/10.3.1/../../../arm-none-eabi/lib/thumb/v7-m/nofp/libc_nano.a(lib_a-nano-vfprintf_i.o)
 .debug_ranges  0x0000000000000d68       0x28 /usr/lib/gcc/arm-none-eabi/10.3.1/../../../arm-none-eabi/lib/thumb/v7-m/nofp/libc_nano.a(lib_a-wbuf.o)
 .debug_ranges  0x0000000000000d90       0x30 /usr/lib/gcc/arm-none-eabi/10.3.1/../../../arm-none-eabi/lib/thumb/v7-m/nofp/libc_nano.a(lib_a-wsetup.o)
 .debug_ranges  0x0000000000000dc0       0xb8 /usr/lib/gcc/arm-none-eabi/10.3.1/../../../arm-none-eabi/lib/thumb/v7-m/nofp/libc_nano.a(lib_a-fflush.o)
 .debug_ranges  0x0000000000000e78       0x30 /usr/lib/gcc/arm-none-eabi/10.3.1/../../../arm-none-eabi/lib/thumb/v7-m/nofp/libc_nano.a(lib_a-fvwrite.o)
 .debug_ranges  0x0000000000000ea8       0xa8 /usr/lib/gcc/arm-none-eabi/10.3.1/../../../arm-none-eabi/lib/thumb/v7-m/nofp/libc_nano.a(lib_a-makebuf.o)
 .debug_ranges  0x0000000000000f50       0xc8 /usr/lib/gcc/arm-none-eabi/10.3.1/../../../arm-none-eabi/lib/thumb/v7-m/nofp/libc_nano.a(lib_a-signal.o)

.debug_macro    0x0000000000000000     0x73b7
 .debug_macro   0x0000000000000000      0x30a CMakeFiles/RE46C109_Programmer.elf.dir/src/main.c.obj
 .debug_macro   0x000000000000030a      0xa5a CMakeFiles/RE46C109_Programmer.elf.dir/src/main.c.obj
 .debug_macro   0x0000000000000d64       0x22 CMakeFiles/RE46C109_Programmer.elf.dir/src/main.c.obj
 .debug_macro   0x0000000000000d86       0x52 CMakeFiles/RE46C109_Programmer.elf.dir/src/main.c.obj
 .debug_macro   0x0000000000000dd8       0x18 CMakeFiles/RE46C109_Programmer.elf.dir/src/main.c.obj
 .debug_macro   0x0000000000000df0       0x5c CMakeFiles/RE46C109_Programmer.elf.dir/src/main.c.obj
 .debug_macro   0x0000000000000e4c       0x35 CMakeFiles/RE46C109_Programmer.elf.dir/src/main.c.obj
 .debug_macro   0x0000000000000e81       0x34 CMakeFiles/RE46C109_Programmer.elf.dir/src/main.c.obj
 .debug_macro   0x0000000000000eb5       0x16 CMakeFiles/RE46C109_Programmer.elf.dir/src/main.c.obj
 .debug_macro   0x0000000000000ecb       0x57 CMakeFiles/RE46C109_Programmer.elf.dir/src/main.c.obj
 .debug_macro   0x0000000000000f22       0x97 CMakeFiles/RE46C109_Programmer.elf.dir/src/main.c.obj
 .debug_macro   0x0000000000000fb9      0x356 CMakeFiles/RE46C109_Programmer.elf.dir/src/main.c.obj
 .debug_macro   0x000000000000130f       0xf6 CMakeFiles/RE46C109_Programmer.elf.dir/src/main.c.obj
 .debug_macro   0x0000000000001405       0x10 CMakeFiles/RE46C109_Programmer.elf.dir/src/main.c.obj
 .debug_macro   0x0000000000001415       0x16 CMakeFiles/RE46C109_Programmer.elf.dir/src/main.c.obj
 .debug_macro   0x000000000000142b       0x43 CMakeFiles/RE46C109_Programmer.elf.dir/src/main.c.obj
 .debug_macro   0x000000000000146e       0x34 CMakeFiles/RE46C109_Programmer.elf.dir/src/main.c.obj
 .debug_macro   0x00000000000014a2       0x10 CMakeFiles/RE46C109_Programmer.elf.dir/src/main.c.obj
 .debug_macro   0x00000000000014b2       0x52 CMakeFiles/RE46C109_Programmer.elf.dir/src/main.c.obj
 .debug_macro   0x0000000000001504      0x182 CMakeFiles/RE46C109_Programmer.elf.dir/src/main.c.obj
 .debug_macro   0x0000000000001686       0x10 CMakeFiles/RE46C109_Programmer.elf.dir/src/main.c.obj
 .debug_macro   0x0000000000001696       0x6a CMakeFiles/RE46C109_Programmer.elf.dir/src/main.c.obj
 .debug_macro   0x0000000000001700       0xb2 CMakeFiles/RE46C109_Programmer.elf.dir/src/main.c.obj
 .debug_macro   0x00000000000017b2       0x16 CMakeFiles/RE46C109_Programmer.elf.dir/src/main.c.obj
 .debug_macro   0x00000000000017c8      0x129 CMakeFiles/RE46C109_Programmer.elf.dir/src/main.c.obj
 .debug_macro   0x00000000000018f1      0x34e CMakeFiles/RE46C109_Programmer.elf.dir/src/main.c.obj
 .debug_macro   0x0000000000001c3f       0x16 CMakeFiles/RE46C109_Programmer.elf.dir/src/main.c.obj
 .debug_macro   0x0000000000001c55       0x35 CMakeFiles/RE46C109_Programmer.elf.dir/src/main.c.obj
 .debug_macro   0x0000000000001c8a       0x10 CMakeFiles/RE46C109_Programmer.elf.dir/src/main.c.obj
 .debug_macro   0x0000000000001c9a      0x241 CMakeFiles/RE46C109_Programmer.elf.dir/src/main.c.obj
 .debug_macro   0x0000000000001edb       0x16 CMakeFiles/RE46C109_Programmer.elf.dir/src/main.c.obj
 .debug_macro   0x0000000000001ef1      0x4fe CMakeFiles/RE46C109_Programmer.elf.dir/src/main.c.obj
 .debug_macro   0x00000000000023ef       0xde CMakeFiles/RE46C109_Programmer.elf.dir/src/main.c.obj
 .debug_macro   0x00000000000024cd       0x16 CMakeFiles/RE46C109_Programmer.elf.dir/src/main.c.obj
 .debug_macro   0x00000000000024e3       0x22 CMakeFiles/RE46C109_Programmer.elf.dir/src/main.c.obj
 .debug_macro   0x0000000000002505       0x1c CMakeFiles/RE46C109_Programmer.elf.dir/src/main.c.obj
 .debug_macro   0x0000000000002521       0x22 CMakeFiles/RE46C109_Programmer.elf.dir/src/main.c.obj
 .debug_macro   0x0000000000002543       0xe8 CMakeFiles/RE46C109_Programmer.elf.dir/src/main.c.obj
 .debug_macro   0x000000000000262b       0x76 CMakeFiles/RE46C109_Programmer.elf.dir/src/main.c.obj
 .debug_macro   0x00000000000026a1      0x184 CMakeFiles/RE46C109_Programmer.elf.dir/src/main.c.obj
 .debug_macro   0x0000000000002825       0x8e CMakeFiles/RE46C109_Programmer.elf.dir/src/main.c.obj
 .debug_macro   0x00000000000028b3       0x58 CMakeFiles/RE46C109_Programmer.elf.dir/src/main.c.obj
 .debug_macro   0x000000000000290b      0x768 CMakeFiles/RE46C109_Programmer.elf.dir/src/main.c.obj
 .debug_macro   0x0000000000003073       0x6e CMakeFiles/RE46C109_Programmer.elf.dir/src/main.c.obj
 .debug_macro   0x00000000000030e1      0x160 CMakeFiles/RE46C109_Programmer.elf.dir/src/main.c.obj
 .debug_macro   0x0000000000003241       0x76 CMakeFiles/RE46C109_Programmer.elf.dir/src/main.c.obj
 .debug_macro   0x00000000000032b7      0x2e6 CMakeFiles/RE46C109_Programmer.elf.dir/src/main.c.obj
 .debug_macro   0x000000000000359d      0xf65 CMakeFiles/RE46C109_Programmer.elf.dir/src/main.c.obj
 .debug_macro   0x0000000000004502       0x3a CMakeFiles/RE46C109_Programmer.elf.dir/src/main.c.obj
 .debug_macro   0x000000000000453c       0x10 CMakeFiles/RE46C109_Programmer.elf.dir/src/main.c.obj
 .debug_macro   0x000000000000454c       0x2e CMakeFiles/RE46C109_Programmer.elf.dir/src/main.c.obj
 .debug_macro   0x000000000000457a       0x94 CMakeFiles/RE46C109_Programmer.elf.dir/src/main.c.obj
 .debug_macro   0x000000000000460e      0x29e CMakeFiles/RE46C109_Programmer.elf.dir/src/main.c.obj
 .debug_macro   0x00000000000048ac       0x34 CMakeFiles/RE46C109_Programmer.elf.dir/src/main.c.obj
 .debug_macro   0x00000000000048e0       0x1c CMakeFiles/RE46C109_Programmer.elf.dir/src/main.c.obj
 .debug_macro   0x00000000000048fc      0x2c2 CMakeFiles/RE46C109_Programmer.elf.dir/drivers/led_driver.c.obj
 .debug_macro   0x0000000000004bbe      0x2b3 CMakeFiles/RE46C109_Programmer.elf.dir/drivers/mamory.c.obj
 .debug_macro   0x0000000000004e71      0x2c2 CMakeFiles/RE46C109_Programmer.elf.dir/drivers/RE46C109_drv.c.obj
 .debug_macro   0x0000000000005133      0x194 CMakeFiles/RE46C109_Programmer.elf.dir/drivers/systick.c.obj
 .debug_macro   0x00000000000052c7       0x6f CMakeFiles/RE46C109_Programmer.elf.dir/drivers/systick.c.obj
 .debug_macro   0x0000000000005336      0x2b7 CMakeFiles/RE46C109_Programmer.elf.dir/drivers/timer_drv.c.obj
 .debug_macro   0x00000000000055ed      0x2f1 CMakeFiles/RE46C109_Programmer.elf.dir/drivers/uart_drv.c.obj
 .debug_macro   0x00000000000058de       0x34 CMakeFiles/RE46C109_Programmer.elf.dir/drivers/uart_drv.c.obj
 .debug_macro   0x0000000000005912       0x6f ../../libopencm3/lib/libopencm3_stm32l1.a(gpio_common_all.o)
 .debug_macro   0x0000000000005981      0xa60 ../../libopencm3/lib/libopencm3_stm32l1.a(gpio_common_all.o)
 .debug_macro   0x00000000000063e1       0x6f ../../libopencm3/lib/libopencm3_stm32l1.a(gpio_common_f0234.o)
 .debug_macro   0x0000000000006450       0xd0 ../../libopencm3/lib/libopencm3_stm32l1.a(rcc.o)
 .debug_macro   0x0000000000006520       0x16 ../../libopencm3/lib/libopencm3_stm32l1.a(rcc.o)